[0.095s] DEBUG:colcon:Command line arguments: ['/usr/bin/colcon', 'build']
[0.095s] DEBUG:colcon:Parsed command line arguments: Namespace(log_base=None, log_level=None, verb_name='build', build_base='build', install_base='install', merge_install=False, symlink_install=False, test_result_base=None, continue_on_error=False, executor='parallel', parallel_workers=12, event_handlers=None, ignore_user_meta=False, metas=['./colcon.meta'], base_paths=['.'], packages_ignore=None, packages_ignore_regex=None, paths=None, packages_up_to=None, packages_up_to_regex=None, packages_above=None, packages_above_and_dependencies=None, packages_above_depth=None, packages_select_by_dep=None, packages_skip_by_dep=None, packages_skip_up_to=None, packages_select_build_failed=False, packages_skip_build_finished=False, packages_select_test_failures=False, packages_skip_test_passed=False, packages_select=None, packages_skip=None, packages_select_regex=None, packages_skip_regex=None, packages_start=None, packages_end=None, allow_overriding=[], cmake_args=None, cmake_target=None, cmake_target_skip_unavailable=False, cmake_clean_cache=False, cmake_clean_first=False, cmake_force_configure=False, ament_cmake_args=None, catkin_cmake_args=None, catkin_skip_building_tests=False, verb_parser=<colcon_defaults.argument_parser.defaults.DefaultArgumentsDecorator object at 0x779357171810>, verb_extension=<colcon_core.verb.build.BuildVerb object at 0x7793572da590>, main=<bound method BuildVerb.main of <colcon_core.verb.build.BuildVerb object at 0x7793572da590>>)
[0.253s] Level 1:colcon.colcon_core.package_discovery:discover_packages(colcon_meta) check parameters
[0.253s] Level 1:colcon.colcon_core.package_discovery:discover_packages(recursive) check parameters
[0.253s] Level 1:colcon.colcon_core.package_discovery:discover_packages(ignore) check parameters
[0.253s] Level 1:colcon.colcon_core.package_discovery:discover_packages(path) check parameters
[0.253s] Level 1:colcon.colcon_core.package_discovery:discover_packages(colcon_meta) discover
[0.253s] Level 1:colcon.colcon_core.package_discovery:discover_packages(recursive) discover
[0.253s] INFO:colcon.colcon_core.package_discovery:Crawling recursively for packages in '/home/thuong/amr_ws'
[0.253s] Level 1:colcon.colcon_core.package_identification:_identify(.) by extensions ['ignore', 'ignore_ament_install']
[0.253s] Level 1:colcon.colcon_core.package_identification:_identify(.) by extension 'ignore'
[0.253s] Level 1:colcon.colcon_core.package_identification:_identify(.) by extension 'ignore_ament_install'
[0.253s] Level 1:colcon.colcon_core.package_identification:_identify(.) by extensions ['colcon_pkg']
[0.253s] Level 1:colcon.colcon_core.package_identification:_identify(.) by extension 'colcon_pkg'
[0.253s] Level 1:colcon.colcon_core.package_identification:_identify(.) by extensions ['colcon_meta']
[0.253s] Level 1:colcon.colcon_core.package_identification:_identify(.) by extension 'colcon_meta'
[0.253s] Level 1:colcon.colcon_core.package_identification:_identify(.) by extensions ['ros']
[0.254s] Level 1:colcon.colcon_core.package_identification:_identify(.) by extension 'ros'
[0.262s] Level 1:colcon.colcon_core.package_identification:_identify(.) by extensions ['cmake', 'python']
[0.262s] Level 1:colcon.colcon_core.package_identification:_identify(.) by extension 'cmake'
[0.262s] Level 1:colcon.colcon_core.package_identification:_identify(.) by extension 'python'
[0.262s] Level 1:colcon.colcon_core.package_identification:_identify(.) by extensions ['python_setup_py']
[0.262s] Level 1:colcon.colcon_core.package_identification:_identify(.) by extension 'python_setup_py'
[0.262s] Level 1:colcon.colcon_core.package_identification:_identify(build) by extensions ['ignore', 'ignore_ament_install']
[0.262s] Level 1:colcon.colcon_core.package_identification:_identify(build) by extension 'ignore'
[0.262s] Level 1:colcon.colcon_core.package_identification:_identify(build) ignored
[0.262s] Level 1:colcon.colcon_core.package_identification:_identify(install) by extensions ['ignore', 'ignore_ament_install']
[0.262s] Level 1:colcon.colcon_core.package_identification:_identify(install) by extension 'ignore'
[0.262s] Level 1:colcon.colcon_core.package_identification:_identify(install) ignored
[0.262s] Level 1:colcon.colcon_core.package_identification:_identify(log) by extensions ['ignore', 'ignore_ament_install']
[0.262s] Level 1:colcon.colcon_core.package_identification:_identify(log) by extension 'ignore'
[0.262s] Level 1:colcon.colcon_core.package_identification:_identify(log) ignored
[0.262s] Level 1:colcon.colcon_core.package_identification:_identify(src) by extensions ['ignore', 'ignore_ament_install']
[0.262s] Level 1:colcon.colcon_core.package_identification:_identify(src) by extension 'ignore'
[0.262s] Level 1:colcon.colcon_core.package_identification:_identify(src) by extension 'ignore_ament_install'
[0.262s] Level 1:colcon.colcon_core.package_identification:_identify(src) by extensions ['colcon_pkg']
[0.262s] Level 1:colcon.colcon_core.package_identification:_identify(src) by extension 'colcon_pkg'
[0.263s] Level 1:colcon.colcon_core.package_identification:_identify(src) by extensions ['colcon_meta']
[0.263s] Level 1:colcon.colcon_core.package_identification:_identify(src) by extension 'colcon_meta'
[0.263s] Level 1:colcon.colcon_core.package_identification:_identify(src) by extensions ['ros']
[0.263s] Level 1:colcon.colcon_core.package_identification:_identify(src) by extension 'ros'
[0.263s] Level 1:colcon.colcon_core.package_identification:_identify(src) by extensions ['cmake', 'python']
[0.263s] Level 1:colcon.colcon_core.package_identification:_identify(src) by extension 'cmake'
[0.263s] Level 1:colcon.colcon_core.package_identification:_identify(src) by extension 'python'
[0.263s] Level 1:colcon.colcon_core.package_identification:_identify(src) by extensions ['python_setup_py']
[0.263s] Level 1:colcon.colcon_core.package_identification:_identify(src) by extension 'python_setup_py'
[0.263s] Level 1:colcon.colcon_core.package_identification:_identify(src/amr_bringup) by extensions ['ignore', 'ignore_ament_install']
[0.263s] Level 1:colcon.colcon_core.package_identification:_identify(src/amr_bringup) by extension 'ignore'
[0.263s] Level 1:colcon.colcon_core.package_identification:_identify(src/amr_bringup) by extension 'ignore_ament_install'
[0.263s] Level 1:colcon.colcon_core.package_identification:_identify(src/amr_bringup) by extensions ['colcon_pkg']
[0.263s] Level 1:colcon.colcon_core.package_identification:_identify(src/amr_bringup) by extension 'colcon_pkg'
[0.263s] Level 1:colcon.colcon_core.package_identification:_identify(src/amr_bringup) by extensions ['colcon_meta']
[0.263s] Level 1:colcon.colcon_core.package_identification:_identify(src/amr_bringup) by extension 'colcon_meta'
[0.263s] Level 1:colcon.colcon_core.package_identification:_identify(src/amr_bringup) by extensions ['ros']
[0.263s] Level 1:colcon.colcon_core.package_identification:_identify(src/amr_bringup) by extension 'ros'
[0.265s] DEBUG:colcon.colcon_core.package_identification:Package 'src/amr_bringup' with type 'ros.ament_cmake' and name 'amr_bringup'
[0.265s] Level 1:colcon.colcon_core.package_identification:_identify(src/amr_descriptions) by extensions ['ignore', 'ignore_ament_install']
[0.265s] Level 1:colcon.colcon_core.package_identification:_identify(src/amr_descriptions) by extension 'ignore'
[0.265s] Level 1:colcon.colcon_core.package_identification:_identify(src/amr_descriptions) by extension 'ignore_ament_install'
[0.265s] Level 1:colcon.colcon_core.package_identification:_identify(src/amr_descriptions) by extensions ['colcon_pkg']
[0.265s] Level 1:colcon.colcon_core.package_identification:_identify(src/amr_descriptions) by extension 'colcon_pkg'
[0.265s] Level 1:colcon.colcon_core.package_identification:_identify(src/amr_descriptions) by extensions ['colcon_meta']
[0.265s] Level 1:colcon.colcon_core.package_identification:_identify(src/amr_descriptions) by extension 'colcon_meta'
[0.265s] Level 1:colcon.colcon_core.package_identification:_identify(src/amr_descriptions) by extensions ['ros']
[0.265s] Level 1:colcon.colcon_core.package_identification:_identify(src/amr_descriptions) by extension 'ros'
[0.266s] DEBUG:colcon.colcon_core.package_identification:Package 'src/amr_descriptions' with type 'ros.ament_cmake' and name 'amr_descriptions'
[0.266s] Level 1:colcon.colcon_core.package_identification:_identify(src/amr_localization) by extensions ['ignore', 'ignore_ament_install']
[0.266s] Level 1:colcon.colcon_core.package_identification:_identify(src/amr_localization) by extension 'ignore'
[0.266s] Level 1:colcon.colcon_core.package_identification:_identify(src/amr_localization) by extension 'ignore_ament_install'
[0.266s] Level 1:colcon.colcon_core.package_identification:_identify(src/amr_localization) by extensions ['colcon_pkg']
[0.266s] Level 1:colcon.colcon_core.package_identification:_identify(src/amr_localization) by extension 'colcon_pkg'
[0.266s] Level 1:colcon.colcon_core.package_identification:_identify(src/amr_localization) by extensions ['colcon_meta']
[0.266s] Level 1:colcon.colcon_core.package_identification:_identify(src/amr_localization) by extension 'colcon_meta'
[0.266s] Level 1:colcon.colcon_core.package_identification:_identify(src/amr_localization) by extensions ['ros']
[0.266s] Level 1:colcon.colcon_core.package_identification:_identify(src/amr_localization) by extension 'ros'
[0.267s] DEBUG:colcon.colcon_core.package_identification:Package 'src/amr_localization' with type 'ros.ament_cmake' and name 'amr_localization'
[0.267s] Level 1:colcon.colcon_core.package_identification:_identify(src/amr_mapping) by extensions ['ignore', 'ignore_ament_install']
[0.268s] Level 1:colcon.colcon_core.package_identification:_identify(src/amr_mapping) by extension 'ignore'
[0.268s] Level 1:colcon.colcon_core.package_identification:_identify(src/amr_mapping) by extension 'ignore_ament_install'
[0.268s] Level 1:colcon.colcon_core.package_identification:_identify(src/amr_mapping) by extensions ['colcon_pkg']
[0.268s] Level 1:colcon.colcon_core.package_identification:_identify(src/amr_mapping) by extension 'colcon_pkg'
[0.268s] Level 1:colcon.colcon_core.package_identification:_identify(src/amr_mapping) by extensions ['colcon_meta']
[0.268s] Level 1:colcon.colcon_core.package_identification:_identify(src/amr_mapping) by extension 'colcon_meta'
[0.268s] Level 1:colcon.colcon_core.package_identification:_identify(src/amr_mapping) by extensions ['ros']
[0.268s] Level 1:colcon.colcon_core.package_identification:_identify(src/amr_mapping) by extension 'ros'
[0.268s] DEBUG:colcon.colcon_core.package_identification:Package 'src/amr_mapping' with type 'ros.ament_cmake' and name 'amr_mapping'
[0.268s] Level 1:colcon.colcon_core.package_identification:_identify(src/amr_planner) by extensions ['ignore', 'ignore_ament_install']
[0.269s] Level 1:colcon.colcon_core.package_identification:_identify(src/amr_planner) by extension 'ignore'
[0.269s] Level 1:colcon.colcon_core.package_identification:_identify(src/amr_planner) by extension 'ignore_ament_install'
[0.269s] Level 1:colcon.colcon_core.package_identification:_identify(src/amr_planner) by extensions ['colcon_pkg']
[0.269s] Level 1:colcon.colcon_core.package_identification:_identify(src/amr_planner) by extension 'colcon_pkg'
[0.269s] Level 1:colcon.colcon_core.package_identification:_identify(src/amr_planner) by extensions ['colcon_meta']
[0.269s] Level 1:colcon.colcon_core.package_identification:_identify(src/amr_planner) by extension 'colcon_meta'
[0.269s] Level 1:colcon.colcon_core.package_identification:_identify(src/amr_planner) by extensions ['ros']
[0.269s] Level 1:colcon.colcon_core.package_identification:_identify(src/amr_planner) by extension 'ros'
[0.269s] DEBUG:colcon.colcon_core.package_identification:Package 'src/amr_planner' with type 'ros.ament_python' and name 'amr_planner'
[0.269s] Level 1:colcon.colcon_core.package_identification:_identify(src/amr_stm32) by extensions ['ignore', 'ignore_ament_install']
[0.269s] Level 1:colcon.colcon_core.package_identification:_identify(src/amr_stm32) by extension 'ignore'
[0.269s] Level 1:colcon.colcon_core.package_identification:_identify(src/amr_stm32) by extension 'ignore_ament_install'
[0.269s] Level 1:colcon.colcon_core.package_identification:_identify(src/amr_stm32) by extensions ['colcon_pkg']
[0.270s] Level 1:colcon.colcon_core.package_identification:_identify(src/amr_stm32) by extension 'colcon_pkg'
[0.270s] Level 1:colcon.colcon_core.package_identification:_identify(src/amr_stm32) by extensions ['colcon_meta']
[0.270s] Level 1:colcon.colcon_core.package_identification:_identify(src/amr_stm32) by extension 'colcon_meta'
[0.270s] Level 1:colcon.colcon_core.package_identification:_identify(src/amr_stm32) by extensions ['ros']
[0.270s] Level 1:colcon.colcon_core.package_identification:_identify(src/amr_stm32) by extension 'ros'
[0.270s] Level 1:colcon.colcon_core.package_identification:_identify(src/amr_stm32) by extensions ['cmake', 'python']
[0.270s] Level 1:colcon.colcon_core.package_identification:_identify(src/amr_stm32) by extension 'cmake'
[0.270s] Level 1:colcon.colcon_core.package_identification:_identify(src/amr_stm32) by extension 'python'
[0.270s] Level 1:colcon.colcon_core.package_identification:_identify(src/amr_stm32) by extensions ['python_setup_py']
[0.270s] Level 1:colcon.colcon_core.package_identification:_identify(src/amr_stm32) by extension 'python_setup_py'
[0.270s] Level 1:colcon.colcon_core.package_identification:_identify(src/amr_stm32/agv_PID) by extensions ['ignore', 'ignore_ament_install']
[0.270s] Level 1:colcon.colcon_core.package_identification:_identify(src/amr_stm32/agv_PID) by extension 'ignore'
[0.270s] Level 1:colcon.colcon_core.package_identification:_identify(src/amr_stm32/agv_PID) by extension 'ignore_ament_install'
[0.270s] Level 1:colcon.colcon_core.package_identification:_identify(src/amr_stm32/agv_PID) by extensions ['colcon_pkg']
[0.270s] Level 1:colcon.colcon_core.package_identification:_identify(src/amr_stm32/agv_PID) by extension 'colcon_pkg'
[0.270s] Level 1:colcon.colcon_core.package_identification:_identify(src/amr_stm32/agv_PID) by extensions ['colcon_meta']
[0.270s] Level 1:colcon.colcon_core.package_identification:_identify(src/amr_stm32/agv_PID) by extension 'colcon_meta'
[0.270s] Level 1:colcon.colcon_core.package_identification:_identify(src/amr_stm32/agv_PID) by extensions ['ros']
[0.270s] Level 1:colcon.colcon_core.package_identification:_identify(src/amr_stm32/agv_PID) by extension 'ros'
[0.270s] Level 1:colcon.colcon_core.package_identification:_identify(src/amr_stm32/agv_PID) by extensions ['cmake', 'python']
[0.270s] Level 1:colcon.colcon_core.package_identification:_identify(src/amr_stm32/agv_PID) by extension 'cmake'
[0.270s] Level 1:colcon.colcon_core.package_identification:_identify(src/amr_stm32/agv_PID) by extension 'python'
[0.270s] Level 1:colcon.colcon_core.package_identification:_identify(src/amr_stm32/agv_PID) by extensions ['python_setup_py']
[0.270s] Level 1:colcon.colcon_core.package_identification:_identify(src/amr_stm32/agv_PID) by extension 'python_setup_py'
[0.270s] Level 1:colcon.colcon_core.package_identification:_identify(src/amr_stm32/agv_PID/agv_pid) by extensions ['ignore', 'ignore_ament_install']
[0.270s] Level 1:colcon.colcon_core.package_identification:_identify(src/amr_stm32/agv_PID/agv_pid) by extension 'ignore'
[0.270s] Level 1:colcon.colcon_core.package_identification:_identify(src/amr_stm32/agv_PID/agv_pid) by extension 'ignore_ament_install'
[0.270s] Level 1:colcon.colcon_core.package_identification:_identify(src/amr_stm32/agv_PID/agv_pid) by extensions ['colcon_pkg']
[0.270s] Level 1:colcon.colcon_core.package_identification:_identify(src/amr_stm32/agv_PID/agv_pid) by extension 'colcon_pkg'
[0.270s] Level 1:colcon.colcon_core.package_identification:_identify(src/amr_stm32/agv_PID/agv_pid) by extensions ['colcon_meta']
[0.271s] Level 1:colcon.colcon_core.package_identification:_identify(src/amr_stm32/agv_PID/agv_pid) by extension 'colcon_meta'
[0.271s] Level 1:colcon.colcon_core.package_identification:_identify(src/amr_stm32/agv_PID/agv_pid) by extensions ['ros']
[0.271s] Level 1:colcon.colcon_core.package_identification:_identify(src/amr_stm32/agv_PID/agv_pid) by extension 'ros'
[0.271s] Level 1:colcon.colcon_core.package_identification:_identify(src/amr_stm32/agv_PID/agv_pid) by extensions ['cmake', 'python']
[0.271s] Level 1:colcon.colcon_core.package_identification:_identify(src/amr_stm32/agv_PID/agv_pid) by extension 'cmake'
[0.271s] Level 1:colcon.colcon_core.package_identification:_identify(src/amr_stm32/agv_PID/agv_pid) by extension 'python'
[0.271s] Level 1:colcon.colcon_core.package_identification:_identify(src/amr_stm32/agv_PID/agv_pid) by extensions ['python_setup_py']
[0.271s] Level 1:colcon.colcon_core.package_identification:_identify(src/amr_stm32/agv_PID/agv_pid) by extension 'python_setup_py'
[0.271s] Level 1:colcon.colcon_core.package_identification:_identify(src/amr_teleop) by extensions ['ignore', 'ignore_ament_install']
[0.271s] Level 1:colcon.colcon_core.package_identification:_identify(src/amr_teleop) by extension 'ignore'
[0.271s] Level 1:colcon.colcon_core.package_identification:_identify(src/amr_teleop) by extension 'ignore_ament_install'
[0.271s] Level 1:colcon.colcon_core.package_identification:_identify(src/amr_teleop) by extensions ['colcon_pkg']
[0.271s] Level 1:colcon.colcon_core.package_identification:_identify(src/amr_teleop) by extension 'colcon_pkg'
[0.271s] Level 1:colcon.colcon_core.package_identification:_identify(src/amr_teleop) by extensions ['colcon_meta']
[0.271s] Level 1:colcon.colcon_core.package_identification:_identify(src/amr_teleop) by extension 'colcon_meta'
[0.271s] Level 1:colcon.colcon_core.package_identification:_identify(src/amr_teleop) by extensions ['ros']
[0.271s] Level 1:colcon.colcon_core.package_identification:_identify(src/amr_teleop) by extension 'ros'
[0.271s] DEBUG:colcon.colcon_core.package_identification:Package 'src/amr_teleop' with type 'ros.ament_cmake' and name 'amr_teleop'
[0.272s] Level 1:colcon.colcon_core.package_identification:_identify(src/rplidar_ros) by extensions ['ignore', 'ignore_ament_install']
[0.272s] Level 1:colcon.colcon_core.package_identification:_identify(src/rplidar_ros) by extension 'ignore'
[0.272s] Level 1:colcon.colcon_core.package_identification:_identify(src/rplidar_ros) by extension 'ignore_ament_install'
[0.272s] Level 1:colcon.colcon_core.package_identification:_identify(src/rplidar_ros) by extensions ['colcon_pkg']
[0.272s] Level 1:colcon.colcon_core.package_identification:_identify(src/rplidar_ros) by extension 'colcon_pkg'
[0.272s] Level 1:colcon.colcon_core.package_identification:_identify(src/rplidar_ros) by extensions ['colcon_meta']
[0.272s] Level 1:colcon.colcon_core.package_identification:_identify(src/rplidar_ros) by extension 'colcon_meta'
[0.272s] Level 1:colcon.colcon_core.package_identification:_identify(src/rplidar_ros) by extensions ['ros']
[0.272s] Level 1:colcon.colcon_core.package_identification:_identify(src/rplidar_ros) by extension 'ros'
[0.272s] DEBUG:colcon.colcon_core.package_identification:Package 'src/rplidar_ros' with type 'ros.ament_cmake' and name 'rplidar_ros'
[0.272s] Level 1:colcon.colcon_core.package_discovery:discover_packages(recursive) using defaults
[0.272s] Level 1:colcon.colcon_core.package_discovery:discover_packages(ignore) discover
[0.272s] Level 1:colcon.colcon_core.package_discovery:discover_packages(ignore) using defaults
[0.272s] Level 1:colcon.colcon_core.package_discovery:discover_packages(path) discover
[0.272s] Level 1:colcon.colcon_core.package_discovery:discover_packages(path) using defaults
[0.297s] Level 1:colcon.colcon_core.package_discovery:discover_packages(prefix_path) check parameters
[0.297s] Level 1:colcon.colcon_core.package_discovery:discover_packages(prefix_path) discover
[0.298s] DEBUG:colcon.colcon_installed_package_information.package_discovery:Found 9 installed packages in /home/thuong/ros2_ws/install
[0.300s] DEBUG:colcon.colcon_installed_package_information.package_discovery:Found 417 installed packages in /opt/ros/humble
[0.301s] Level 1:colcon.colcon_core.package_discovery:discover_packages(prefix_path) using defaults
[0.338s] Level 5:colcon.colcon_core.verb:set package 'amr_bringup' build argument 'cmake_args' from command line to 'None'
[0.339s] Level 5:colcon.colcon_core.verb:set package 'amr_bringup' build argument 'cmake_target' from command line to 'None'
[0.339s] Level 5:colcon.colcon_core.verb:set package 'amr_bringup' build argument 'cmake_target_skip_unavailable' from command line to 'False'
[0.339s] Level 5:colcon.colcon_core.verb:set package 'amr_bringup' build argument 'cmake_clean_cache' from command line to 'False'
[0.339s] Level 5:colcon.colcon_core.verb:set package 'amr_bringup' build argument 'cmake_clean_first' from command line to 'False'
[0.339s] Level 5:colcon.colcon_core.verb:set package 'amr_bringup' build argument 'cmake_force_configure' from command line to 'False'
[0.339s] Level 5:colcon.colcon_core.verb:set package 'amr_bringup' build argument 'ament_cmake_args' from command line to 'None'
[0.339s] Level 5:colcon.colcon_core.verb:set package 'amr_bringup' build argument 'catkin_cmake_args' from command line to 'None'
[0.339s] Level 5:colcon.colcon_core.verb:set package 'amr_bringup' build argument 'catkin_skip_building_tests' from command line to 'False'
[0.339s] DEBUG:colcon.colcon_core.verb:Building package 'amr_bringup' with the following arguments: {'ament_cmake_args': None, 'build_base': '/home/thuong/amr_ws/build/amr_bringup', 'catkin_cmake_args': None, 'catkin_skip_building_tests': False, 'cmake_args': None, 'cmake_clean_cache': False, 'cmake_clean_first': False, 'cmake_force_configure': False, 'cmake_target': None, 'cmake_target_skip_unavailable': False, 'install_base': '/home/thuong/amr_ws/install/amr_bringup', 'merge_install': False, 'path': '/home/thuong/amr_ws/src/amr_bringup', 'symlink_install': False, 'test_result_base': None}
[0.339s] Level 5:colcon.colcon_core.verb:set package 'amr_descriptions' build argument 'cmake_args' from command line to 'None'
[0.339s] Level 5:colcon.colcon_core.verb:set package 'amr_descriptions' build argument 'cmake_target' from command line to 'None'
[0.339s] Level 5:colcon.colcon_core.verb:set package 'amr_descriptions' build argument 'cmake_target_skip_unavailable' from command line to 'False'
[0.339s] Level 5:colcon.colcon_core.verb:set package 'amr_descriptions' build argument 'cmake_clean_cache' from command line to 'False'
[0.339s] Level 5:colcon.colcon_core.verb:set package 'amr_descriptions' build argument 'cmake_clean_first' from command line to 'False'
[0.339s] Level 5:colcon.colcon_core.verb:set package 'amr_descriptions' build argument 'cmake_force_configure' from command line to 'False'
[0.339s] Level 5:colcon.colcon_core.verb:set package 'amr_descriptions' build argument 'ament_cmake_args' from command line to 'None'
[0.339s] Level 5:colcon.colcon_core.verb:set package 'amr_descriptions' build argument 'catkin_cmake_args' from command line to 'None'
[0.339s] Level 5:colcon.colcon_core.verb:set package 'amr_descriptions' build argument 'catkin_skip_building_tests' from command line to 'False'
[0.339s] DEBUG:colcon.colcon_core.verb:Building package 'amr_descriptions' with the following arguments: {'ament_cmake_args': None, 'build_base': '/home/thuong/amr_ws/build/amr_descriptions', 'catkin_cmake_args': None, 'catkin_skip_building_tests': False, 'cmake_args': None, 'cmake_clean_cache': False, 'cmake_clean_first': False, 'cmake_force_configure': False, 'cmake_target': None, 'cmake_target_skip_unavailable': False, 'install_base': '/home/thuong/amr_ws/install/amr_descriptions', 'merge_install': False, 'path': '/home/thuong/amr_ws/src/amr_descriptions', 'symlink_install': False, 'test_result_base': None}
[0.339s] Level 5:colcon.colcon_core.verb:set package 'amr_localization' build argument 'cmake_args' from command line to 'None'
[0.339s] Level 5:colcon.colcon_core.verb:set package 'amr_localization' build argument 'cmake_target' from command line to 'None'
[0.339s] Level 5:colcon.colcon_core.verb:set package 'amr_localization' build argument 'cmake_target_skip_unavailable' from command line to 'False'
[0.339s] Level 5:colcon.colcon_core.verb:set package 'amr_localization' build argument 'cmake_clean_cache' from command line to 'False'
[0.339s] Level 5:colcon.colcon_core.verb:set package 'amr_localization' build argument 'cmake_clean_first' from command line to 'False'
[0.339s] Level 5:colcon.colcon_core.verb:set package 'amr_localization' build argument 'cmake_force_configure' from command line to 'False'
[0.339s] Level 5:colcon.colcon_core.verb:set package 'amr_localization' build argument 'ament_cmake_args' from command line to 'None'
[0.339s] Level 5:colcon.colcon_core.verb:set package 'amr_localization' build argument 'catkin_cmake_args' from command line to 'None'
[0.340s] Level 5:colcon.colcon_core.verb:set package 'amr_localization' build argument 'catkin_skip_building_tests' from command line to 'False'
[0.340s] DEBUG:colcon.colcon_core.verb:Building package 'amr_localization' with the following arguments: {'ament_cmake_args': None, 'build_base': '/home/thuong/amr_ws/build/amr_localization', 'catkin_cmake_args': None, 'catkin_skip_building_tests': False, 'cmake_args': None, 'cmake_clean_cache': False, 'cmake_clean_first': False, 'cmake_force_configure': False, 'cmake_target': None, 'cmake_target_skip_unavailable': False, 'install_base': '/home/thuong/amr_ws/install/amr_localization', 'merge_install': False, 'path': '/home/thuong/amr_ws/src/amr_localization', 'symlink_install': False, 'test_result_base': None}
[0.340s] Level 5:colcon.colcon_core.verb:set package 'amr_mapping' build argument 'cmake_args' from command line to 'None'
[0.340s] Level 5:colcon.colcon_core.verb:set package 'amr_mapping' build argument 'cmake_target' from command line to 'None'
[0.340s] Level 5:colcon.colcon_core.verb:set package 'amr_mapping' build argument 'cmake_target_skip_unavailable' from command line to 'False'
[0.340s] Level 5:colcon.colcon_core.verb:set package 'amr_mapping' build argument 'cmake_clean_cache' from command line to 'False'
[0.340s] Level 5:colcon.colcon_core.verb:set package 'amr_mapping' build argument 'cmake_clean_first' from command line to 'False'
[0.340s] Level 5:colcon.colcon_core.verb:set package 'amr_mapping' build argument 'cmake_force_configure' from command line to 'False'
[0.340s] Level 5:colcon.colcon_core.verb:set package 'amr_mapping' build argument 'ament_cmake_args' from command line to 'None'
[0.340s] Level 5:colcon.colcon_core.verb:set package 'amr_mapping' build argument 'catkin_cmake_args' from command line to 'None'
[0.340s] Level 5:colcon.colcon_core.verb:set package 'amr_mapping' build argument 'catkin_skip_building_tests' from command line to 'False'
[0.340s] DEBUG:colcon.colcon_core.verb:Building package 'amr_mapping' with the following arguments: {'ament_cmake_args': None, 'build_base': '/home/thuong/amr_ws/build/amr_mapping', 'catkin_cmake_args': None, 'catkin_skip_building_tests': False, 'cmake_args': None, 'cmake_clean_cache': False, 'cmake_clean_first': False, 'cmake_force_configure': False, 'cmake_target': None, 'cmake_target_skip_unavailable': False, 'install_base': '/home/thuong/amr_ws/install/amr_mapping', 'merge_install': False, 'path': '/home/thuong/amr_ws/src/amr_mapping', 'symlink_install': False, 'test_result_base': None}
[0.340s] Level 5:colcon.colcon_core.verb:set package 'amr_planner' build argument 'cmake_args' from command line to 'None'
[0.340s] Level 5:colcon.colcon_core.verb:set package 'amr_planner' build argument 'cmake_target' from command line to 'None'
[0.340s] Level 5:colcon.colcon_core.verb:set package 'amr_planner' build argument 'cmake_target_skip_unavailable' from command line to 'False'
[0.340s] Level 5:colcon.colcon_core.verb:set package 'amr_planner' build argument 'cmake_clean_cache' from command line to 'False'
[0.340s] Level 5:colcon.colcon_core.verb:set package 'amr_planner' build argument 'cmake_clean_first' from command line to 'False'
[0.340s] Level 5:colcon.colcon_core.verb:set package 'amr_planner' build argument 'cmake_force_configure' from command line to 'False'
[0.340s] Level 5:colcon.colcon_core.verb:set package 'amr_planner' build argument 'ament_cmake_args' from command line to 'None'
[0.340s] Level 5:colcon.colcon_core.verb:set package 'amr_planner' build argument 'catkin_cmake_args' from command line to 'None'
[0.340s] Level 5:colcon.colcon_core.verb:set package 'amr_planner' build argument 'catkin_skip_building_tests' from command line to 'False'
[0.340s] DEBUG:colcon.colcon_core.verb:Building package 'amr_planner' with the following arguments: {'ament_cmake_args': None, 'build_base': '/home/thuong/amr_ws/build/amr_planner', 'catkin_cmake_args': None, 'catkin_skip_building_tests': False, 'cmake_args': None, 'cmake_clean_cache': False, 'cmake_clean_first': False, 'cmake_force_configure': False, 'cmake_target': None, 'cmake_target_skip_unavailable': False, 'install_base': '/home/thuong/amr_ws/install/amr_planner', 'merge_install': False, 'path': '/home/thuong/amr_ws/src/amr_planner', 'symlink_install': False, 'test_result_base': None}
[0.341s] Level 5:colcon.colcon_core.verb:set package 'amr_teleop' build argument 'cmake_args' from command line to 'None'
[0.341s] Level 5:colcon.colcon_core.verb:set package 'amr_teleop' build argument 'cmake_target' from command line to 'None'
[0.341s] Level 5:colcon.colcon_core.verb:set package 'amr_teleop' build argument 'cmake_target_skip_unavailable' from command line to 'False'
[0.341s] Level 5:colcon.colcon_core.verb:set package 'amr_teleop' build argument 'cmake_clean_cache' from command line to 'False'
[0.341s] Level 5:colcon.colcon_core.verb:set package 'amr_teleop' build argument 'cmake_clean_first' from command line to 'False'
[0.341s] Level 5:colcon.colcon_core.verb:set package 'amr_teleop' build argument 'cmake_force_configure' from command line to 'False'
[0.341s] Level 5:colcon.colcon_core.verb:set package 'amr_teleop' build argument 'ament_cmake_args' from command line to 'None'
[0.341s] Level 5:colcon.colcon_core.verb:set package 'amr_teleop' build argument 'catkin_cmake_args' from command line to 'None'
[0.341s] Level 5:colcon.colcon_core.verb:set package 'amr_teleop' build argument 'catkin_skip_building_tests' from command line to 'False'
[0.341s] DEBUG:colcon.colcon_core.verb:Building package 'amr_teleop' with the following arguments: {'ament_cmake_args': None, 'build_base': '/home/thuong/amr_ws/build/amr_teleop', 'catkin_cmake_args': None, 'catkin_skip_building_tests': False, 'cmake_args': None, 'cmake_clean_cache': False, 'cmake_clean_first': False, 'cmake_force_configure': False, 'cmake_target': None, 'cmake_target_skip_unavailable': False, 'install_base': '/home/thuong/amr_ws/install/amr_teleop', 'merge_install': False, 'path': '/home/thuong/amr_ws/src/amr_teleop', 'symlink_install': False, 'test_result_base': None}
[0.341s] Level 5:colcon.colcon_core.verb:set package 'rplidar_ros' build argument 'cmake_args' from command line to 'None'
[0.341s] Level 5:colcon.colcon_core.verb:set package 'rplidar_ros' build argument 'cmake_target' from command line to 'None'
[0.341s] Level 5:colcon.colcon_core.verb:set package 'rplidar_ros' build argument 'cmake_target_skip_unavailable' from command line to 'False'
[0.341s] Level 5:colcon.colcon_core.verb:set package 'rplidar_ros' build argument 'cmake_clean_cache' from command line to 'False'
[0.341s] Level 5:colcon.colcon_core.verb:set package 'rplidar_ros' build argument 'cmake_clean_first' from command line to 'False'
[0.341s] Level 5:colcon.colcon_core.verb:set package 'rplidar_ros' build argument 'cmake_force_configure' from command line to 'False'
[0.341s] Level 5:colcon.colcon_core.verb:set package 'rplidar_ros' build argument 'ament_cmake_args' from command line to 'None'
[0.341s] Level 5:colcon.colcon_core.verb:set package 'rplidar_ros' build argument 'catkin_cmake_args' from command line to 'None'
[0.341s] Level 5:colcon.colcon_core.verb:set package 'rplidar_ros' build argument 'catkin_skip_building_tests' from command line to 'False'
[0.341s] DEBUG:colcon.colcon_core.verb:Building package 'rplidar_ros' with the following arguments: {'ament_cmake_args': None, 'build_base': '/home/thuong/amr_ws/build/rplidar_ros', 'catkin_cmake_args': None, 'catkin_skip_building_tests': False, 'cmake_args': None, 'cmake_clean_cache': False, 'cmake_clean_first': False, 'cmake_force_configure': False, 'cmake_target': None, 'cmake_target_skip_unavailable': False, 'install_base': '/home/thuong/amr_ws/install/rplidar_ros', 'merge_install': False, 'path': '/home/thuong/amr_ws/src/rplidar_ros', 'symlink_install': False, 'test_result_base': None}
[0.341s] INFO:colcon.colcon_core.executor:Executing jobs using 'parallel' executor
[0.342s] DEBUG:colcon.colcon_parallel_executor.executor.parallel:run_until_complete
[0.342s] INFO:colcon.colcon_ros.task.ament_cmake.build:Building ROS package in '/home/thuong/amr_ws/src/amr_bringup' with build type 'ament_cmake'
[0.342s] INFO:colcon.colcon_cmake.task.cmake.build:Building CMake package in '/home/thuong/amr_ws/src/amr_bringup'
[0.344s] INFO:colcon.colcon_core.plugin_system:Skipping extension 'colcon_core.shell.bat': Not used on non-Windows systems
[0.345s] INFO:colcon.colcon_core.shell:Skip shell extension 'powershell' for command environment: Not usable outside of PowerShell
[0.345s] DEBUG:colcon.colcon_core.shell:Skip shell extension 'dsv' for command environment
[0.348s] INFO:colcon.colcon_ros.task.ament_cmake.build:Building ROS package in '/home/thuong/amr_ws/src/amr_descriptions' with build type 'ament_cmake'
[0.348s] INFO:colcon.colcon_cmake.task.cmake.build:Building CMake package in '/home/thuong/amr_ws/src/amr_descriptions'
[0.348s] INFO:colcon.colcon_core.shell:Skip shell extension 'powershell' for command environment: Not usable outside of PowerShell
[0.348s] DEBUG:colcon.colcon_core.shell:Skip shell extension 'dsv' for command environment
[0.351s] INFO:colcon.colcon_ros.task.ament_cmake.build:Building ROS package in '/home/thuong/amr_ws/src/amr_localization' with build type 'ament_cmake'
[0.352s] INFO:colcon.colcon_cmake.task.cmake.build:Building CMake package in '/home/thuong/amr_ws/src/amr_localization'
[0.352s] INFO:colcon.colcon_core.shell:Skip shell extension 'powershell' for command environment: Not usable outside of PowerShell
[0.352s] DEBUG:colcon.colcon_core.shell:Skip shell extension 'dsv' for command environment
[0.355s] INFO:colcon.colcon_ros.task.ament_cmake.build:Building ROS package in '/home/thuong/amr_ws/src/amr_mapping' with build type 'ament_cmake'
[0.356s] INFO:colcon.colcon_cmake.task.cmake.build:Building CMake package in '/home/thuong/amr_ws/src/amr_mapping'
[0.356s] INFO:colcon.colcon_core.shell:Skip shell extension 'powershell' for command environment: Not usable outside of PowerShell
[0.356s] DEBUG:colcon.colcon_core.shell:Skip shell extension 'dsv' for command environment
[0.360s] INFO:colcon.colcon_ros.task.ament_python.build:Building ROS package in '/home/thuong/amr_ws/src/amr_planner' with build type 'ament_python'
[0.360s] Level 1:colcon.colcon_core.shell:create_environment_hook('amr_planner', 'ament_prefix_path')
[0.360s] INFO:colcon.colcon_core.shell:Creating environment hook '/home/thuong/amr_ws/install/amr_planner/share/amr_planner/hook/ament_prefix_path.ps1'
[0.361s] INFO:colcon.colcon_core.shell:Creating environment descriptor '/home/thuong/amr_ws/install/amr_planner/share/amr_planner/hook/ament_prefix_path.dsv'
[0.361s] INFO:colcon.colcon_core.shell:Creating environment hook '/home/thuong/amr_ws/install/amr_planner/share/amr_planner/hook/ament_prefix_path.sh'
[0.362s] INFO:colcon.colcon_core.shell:Skip shell extension 'powershell' for command environment: Not usable outside of PowerShell
[0.362s] DEBUG:colcon.colcon_core.shell:Skip shell extension 'dsv' for command environment
[0.366s] INFO:colcon.colcon_ros.task.ament_cmake.build:Building ROS package in '/home/thuong/amr_ws/src/amr_teleop' with build type 'ament_cmake'
[0.366s] INFO:colcon.colcon_cmake.task.cmake.build:Building CMake package in '/home/thuong/amr_ws/src/amr_teleop'
[0.366s] INFO:colcon.colcon_core.shell:Skip shell extension 'powershell' for command environment: Not usable outside of PowerShell
[0.366s] DEBUG:colcon.colcon_core.shell:Skip shell extension 'dsv' for command environment
[0.370s] INFO:colcon.colcon_ros.task.ament_cmake.build:Building ROS package in '/home/thuong/amr_ws/src/rplidar_ros' with build type 'ament_cmake'
[0.370s] INFO:colcon.colcon_cmake.task.cmake.build:Building CMake package in '/home/thuong/amr_ws/src/rplidar_ros'
[0.370s] INFO:colcon.colcon_core.shell:Skip shell extension 'powershell' for command environment: Not usable outside of PowerShell
[0.370s] DEBUG:colcon.colcon_core.shell:Skip shell extension 'dsv' for command environment
[0.379s] DEBUG:colcon.colcon_core.event_handler.log_command:Invoking command in '/home/thuong/amr_ws/build/amr_bringup': CMAKE_PREFIX_PATH=${CMAKE_PREFIX_PATH}:/home/thuong/ros2_ws/install/agv_trajectory_tracking:/home/thuong/ros2_ws/install/agv_planner:/opt/ros/humble /usr/bin/cmake /home/thuong/amr_ws/src/amr_bringup -DCMAKE_INSTALL_PREFIX=/home/thuong/amr_ws/install/amr_bringup
[0.381s] DEBUG:colcon.colcon_core.event_handler.log_command:Invoking command in '/home/thuong/amr_ws/build/amr_descriptions': CMAKE_PREFIX_PATH=${CMAKE_PREFIX_PATH}:/home/thuong/ros2_ws/install/agv_trajectory_tracking:/home/thuong/ros2_ws/install/agv_planner:/opt/ros/humble /usr/bin/cmake /home/thuong/amr_ws/src/amr_descriptions -DCMAKE_INSTALL_PREFIX=/home/thuong/amr_ws/install/amr_descriptions
[0.383s] DEBUG:colcon.colcon_core.event_handler.log_command:Invoking command in '/home/thuong/amr_ws/build/amr_localization': CMAKE_PREFIX_PATH=${CMAKE_PREFIX_PATH}:/home/thuong/ros2_ws/install/agv_trajectory_tracking:/home/thuong/ros2_ws/install/agv_planner:/opt/ros/humble /usr/bin/cmake /home/thuong/amr_ws/src/amr_localization -DCMAKE_INSTALL_PREFIX=/home/thuong/amr_ws/install/amr_localization
[0.385s] DEBUG:colcon.colcon_core.event_handler.log_command:Invoking command in '/home/thuong/amr_ws/build/amr_mapping': CMAKE_PREFIX_PATH=${CMAKE_PREFIX_PATH}:/home/thuong/ros2_ws/install/agv_trajectory_tracking:/home/thuong/ros2_ws/install/agv_planner:/opt/ros/humble /usr/bin/cmake /home/thuong/amr_ws/src/amr_mapping -DCMAKE_INSTALL_PREFIX=/home/thuong/amr_ws/install/amr_mapping
[0.656s] INFO:colcon.colcon_core.task.python.build:Building Python package in '/home/thuong/amr_ws/src/amr_planner'
[0.656s] INFO:colcon.colcon_core.shell:Skip shell extension 'powershell' for command environment: Not usable outside of PowerShell
[0.656s] DEBUG:colcon.colcon_core.shell:Skip shell extension 'dsv' for command environment
[0.667s] DEBUG:colcon.colcon_core.event_handler.log_command:Invoking command in '/home/thuong/amr_ws/build/amr_teleop': CMAKE_PREFIX_PATH=${CMAKE_PREFIX_PATH}:/home/thuong/ros2_ws/install/agv_trajectory_tracking:/home/thuong/ros2_ws/install/agv_planner:/opt/ros/humble /usr/bin/cmake /home/thuong/amr_ws/src/amr_teleop -DCMAKE_INSTALL_PREFIX=/home/thuong/amr_ws/install/amr_teleop
[0.676s] DEBUG:colcon.colcon_core.event_handler.log_command:Invoking command in '/home/thuong/amr_ws/build/rplidar_ros': CMAKE_PREFIX_PATH=${CMAKE_PREFIX_PATH}:/home/thuong/ros2_ws/install/agv_trajectory_tracking:/home/thuong/ros2_ws/install/agv_planner:/opt/ros/humble /usr/bin/cmake /home/thuong/amr_ws/src/rplidar_ros -DCMAKE_INSTALL_PREFIX=/home/thuong/amr_ws/install/rplidar_ros
[1.095s] DEBUG:colcon.colcon_core.event_handler.log_command:Invoking command in '/home/thuong/amr_ws/src/amr_planner': PYTHONPATH=/home/thuong/amr_ws/build/amr_planner/prefix_override:/usr/lib/python3/dist-packages/colcon_core/task/python/colcon_distutils_commands:/home/thuong/amr_ws/install/amr_planner/lib/python3.10/site-packages:${PYTHONPATH} /usr/bin/python3 -W ignore:setup.py install is deprecated -W ignore:easy_install command is deprecated setup.py egg_info --egg-base ../../build/amr_planner build --build-base /home/thuong/amr_ws/build/amr_planner/build install --record /home/thuong/amr_ws/build/amr_planner/install.log --single-version-externally-managed install_data
[1.109s] DEBUG:colcon.colcon_core.event_handler.log_command:Invoked command in '/home/thuong/amr_ws/build/amr_bringup' returned '0': CMAKE_PREFIX_PATH=${CMAKE_PREFIX_PATH}:/home/thuong/ros2_ws/install/agv_trajectory_tracking:/home/thuong/ros2_ws/install/agv_planner:/opt/ros/humble /usr/bin/cmake /home/thuong/amr_ws/src/amr_bringup -DCMAKE_INSTALL_PREFIX=/home/thuong/amr_ws/install/amr_bringup
[1.112s] DEBUG:colcon.colcon_core.event_handler.log_command:Invoking command in '/home/thuong/amr_ws/build/amr_bringup': CMAKE_PREFIX_PATH=${CMAKE_PREFIX_PATH}:/home/thuong/ros2_ws/install/agv_trajectory_tracking:/home/thuong/ros2_ws/install/agv_planner:/opt/ros/humble /usr/bin/cmake --build /home/thuong/amr_ws/build/amr_bringup
[1.170s] DEBUG:colcon.colcon_core.event_handler.log_command:Invoked command in '/home/thuong/amr_ws/build/amr_bringup' returned '0': CMAKE_PREFIX_PATH=${CMAKE_PREFIX_PATH}:/home/thuong/ros2_ws/install/agv_trajectory_tracking:/home/thuong/ros2_ws/install/agv_planner:/opt/ros/humble /usr/bin/cmake --build /home/thuong/amr_ws/build/amr_bringup
[1.185s] DEBUG:colcon.colcon_core.event_handler.log_command:Invoking command in '/home/thuong/amr_ws/build/amr_bringup': CMAKE_PREFIX_PATH=${CMAKE_PREFIX_PATH}:/home/thuong/ros2_ws/install/agv_trajectory_tracking:/home/thuong/ros2_ws/install/agv_planner:/opt/ros/humble /usr/bin/cmake --install /home/thuong/amr_ws/build/amr_bringup
[1.201s] Level 1:colcon.colcon_core.environment:create_environment_scripts_only(amr_bringup)
[1.202s] DEBUG:colcon.colcon_core.event_handler.log_command:Invoked command in '/home/thuong/amr_ws/build/amr_bringup' returned '0': CMAKE_PREFIX_PATH=${CMAKE_PREFIX_PATH}:/home/thuong/ros2_ws/install/agv_trajectory_tracking:/home/thuong/ros2_ws/install/agv_planner:/opt/ros/humble /usr/bin/cmake --install /home/thuong/amr_ws/build/amr_bringup
[1.204s] Level 1:colcon.colcon_core.environment:checking '/home/thuong/amr_ws/install/amr_bringup' for CMake module files
[1.205s] Level 1:colcon.colcon_core.environment:checking '/home/thuong/amr_ws/install/amr_bringup' for CMake config files
[1.205s] Level 1:colcon.colcon_core.shell:create_environment_hook('amr_bringup', 'cmake_prefix_path')
[1.205s] INFO:colcon.colcon_core.shell:Creating environment hook '/home/thuong/amr_ws/install/amr_bringup/share/amr_bringup/hook/cmake_prefix_path.ps1'
[1.206s] INFO:colcon.colcon_core.shell:Creating environment descriptor '/home/thuong/amr_ws/install/amr_bringup/share/amr_bringup/hook/cmake_prefix_path.dsv'
[1.206s] INFO:colcon.colcon_core.shell:Creating environment hook '/home/thuong/amr_ws/install/amr_bringup/share/amr_bringup/hook/cmake_prefix_path.sh'
[1.207s] Level 1:colcon.colcon_core.environment:checking '/home/thuong/amr_ws/install/amr_bringup/bin'
[1.207s] Level 1:colcon.colcon_core.environment:checking '/home/thuong/amr_ws/install/amr_bringup/lib/pkgconfig/amr_bringup.pc'
[1.208s] Level 1:colcon.colcon_core.environment:checking '/home/thuong/amr_ws/install/amr_bringup/lib/python3.10/site-packages'
[1.208s] Level 1:colcon.colcon_core.environment:checking '/home/thuong/amr_ws/install/amr_bringup/bin'
[1.208s] INFO:colcon.colcon_core.shell:Creating package script '/home/thuong/amr_ws/install/amr_bringup/share/amr_bringup/package.ps1'
[1.209s] INFO:colcon.colcon_core.shell:Creating package descriptor '/home/thuong/amr_ws/install/amr_bringup/share/amr_bringup/package.dsv'
[1.210s] INFO:colcon.colcon_core.shell:Creating package script '/home/thuong/amr_ws/install/amr_bringup/share/amr_bringup/package.sh'
[1.211s] INFO:colcon.colcon_core.shell:Creating package script '/home/thuong/amr_ws/install/amr_bringup/share/amr_bringup/package.bash'
[1.211s] INFO:colcon.colcon_core.shell:Creating package script '/home/thuong/amr_ws/install/amr_bringup/share/amr_bringup/package.zsh'
[1.212s] Level 1:colcon.colcon_core.environment:create_file_with_runtime_dependencies(/home/thuong/amr_ws/install/amr_bringup/share/colcon-core/packages/amr_bringup)
[1.213s] Level 1:colcon.colcon_core.environment:create_environment_scripts_only(amr_bringup)
[1.213s] Level 1:colcon.colcon_core.environment:checking '/home/thuong/amr_ws/install/amr_bringup' for CMake module files
[1.214s] Level 1:colcon.colcon_core.environment:checking '/home/thuong/amr_ws/install/amr_bringup' for CMake config files
[1.214s] Level 1:colcon.colcon_core.shell:create_environment_hook('amr_bringup', 'cmake_prefix_path')
[1.214s] INFO:colcon.colcon_core.shell:Creating environment hook '/home/thuong/amr_ws/install/amr_bringup/share/amr_bringup/hook/cmake_prefix_path.ps1'
[1.215s] INFO:colcon.colcon_core.shell:Creating environment descriptor '/home/thuong/amr_ws/install/amr_bringup/share/amr_bringup/hook/cmake_prefix_path.dsv'
[1.215s] INFO:colcon.colcon_core.shell:Creating environment hook '/home/thuong/amr_ws/install/amr_bringup/share/amr_bringup/hook/cmake_prefix_path.sh'
[1.216s] Level 1:colcon.colcon_core.environment:checking '/home/thuong/amr_ws/install/amr_bringup/bin'
[1.216s] Level 1:colcon.colcon_core.environment:checking '/home/thuong/amr_ws/install/amr_bringup/lib/pkgconfig/amr_bringup.pc'
[1.216s] Level 1:colcon.colcon_core.environment:checking '/home/thuong/amr_ws/install/amr_bringup/lib/python3.10/site-packages'
[1.217s] Level 1:colcon.colcon_core.environment:checking '/home/thuong/amr_ws/install/amr_bringup/bin'
[1.217s] INFO:colcon.colcon_core.shell:Creating package script '/home/thuong/amr_ws/install/amr_bringup/share/amr_bringup/package.ps1'
[1.218s] INFO:colcon.colcon_core.shell:Creating package descriptor '/home/thuong/amr_ws/install/amr_bringup/share/amr_bringup/package.dsv'
[1.218s] INFO:colcon.colcon_core.shell:Creating package script '/home/thuong/amr_ws/install/amr_bringup/share/amr_bringup/package.sh'
[1.219s] INFO:colcon.colcon_core.shell:Creating package script '/home/thuong/amr_ws/install/amr_bringup/share/amr_bringup/package.bash'
[1.219s] INFO:colcon.colcon_core.shell:Creating package script '/home/thuong/amr_ws/install/amr_bringup/share/amr_bringup/package.zsh'
[1.220s] Level 1:colcon.colcon_core.environment:create_file_with_runtime_dependencies(/home/thuong/amr_ws/install/amr_bringup/share/colcon-core/packages/amr_bringup)
[1.435s] Level 1:colcon.colcon_core.environment:checking '/home/thuong/amr_ws/install/amr_planner' for CMake module files
[1.436s] DEBUG:colcon.colcon_core.event_handler.log_command:Invoked command in '/home/thuong/amr_ws/src/amr_planner' returned '0': PYTHONPATH=/home/thuong/amr_ws/build/amr_planner/prefix_override:/usr/lib/python3/dist-packages/colcon_core/task/python/colcon_distutils_commands:/home/thuong/amr_ws/install/amr_planner/lib/python3.10/site-packages:${PYTHONPATH} /usr/bin/python3 -W ignore:setup.py install is deprecated -W ignore:easy_install command is deprecated setup.py egg_info --egg-base ../../build/amr_planner build --build-base /home/thuong/amr_ws/build/amr_planner/build install --record /home/thuong/amr_ws/build/amr_planner/install.log --single-version-externally-managed install_data
[1.436s] Level 1:colcon.colcon_core.environment:checking '/home/thuong/amr_ws/install/amr_planner' for CMake config files
[1.437s] Level 1:colcon.colcon_core.environment:checking '/home/thuong/amr_ws/install/amr_planner/lib'
[1.437s] Level 1:colcon.colcon_core.environment:checking '/home/thuong/amr_ws/install/amr_planner/bin'
[1.437s] Level 1:colcon.colcon_core.environment:checking '/home/thuong/amr_ws/install/amr_planner/lib/pkgconfig/amr_planner.pc'
[1.437s] Level 1:colcon.colcon_core.environment:checking '/home/thuong/amr_ws/install/amr_planner/lib/python3.10/site-packages'
[1.437s] Level 1:colcon.colcon_core.shell:create_environment_hook('amr_planner', 'pythonpath')
[1.437s] INFO:colcon.colcon_core.shell:Creating environment hook '/home/thuong/amr_ws/install/amr_planner/share/amr_planner/hook/pythonpath.ps1'
[1.438s] INFO:colcon.colcon_core.shell:Creating environment descriptor '/home/thuong/amr_ws/install/amr_planner/share/amr_planner/hook/pythonpath.dsv'
[1.438s] INFO:colcon.colcon_core.shell:Creating environment hook '/home/thuong/amr_ws/install/amr_planner/share/amr_planner/hook/pythonpath.sh'
[1.439s] Level 1:colcon.colcon_core.environment:checking '/home/thuong/amr_ws/install/amr_planner/bin'
[1.439s] Level 1:colcon.colcon_core.environment:create_environment_scripts_only(amr_planner)
[1.439s] INFO:colcon.colcon_core.shell:Creating package script '/home/thuong/amr_ws/install/amr_planner/share/amr_planner/package.ps1'
[1.439s] INFO:colcon.colcon_core.shell:Creating package descriptor '/home/thuong/amr_ws/install/amr_planner/share/amr_planner/package.dsv'
[1.440s] INFO:colcon.colcon_core.shell:Creating package script '/home/thuong/amr_ws/install/amr_planner/share/amr_planner/package.sh'
[1.440s] INFO:colcon.colcon_core.shell:Creating package script '/home/thuong/amr_ws/install/amr_planner/share/amr_planner/package.bash'
[1.440s] INFO:colcon.colcon_core.shell:Creating package script '/home/thuong/amr_ws/install/amr_planner/share/amr_planner/package.zsh'
[1.441s] Level 1:colcon.colcon_core.environment:create_file_with_runtime_dependencies(/home/thuong/amr_ws/install/amr_planner/share/colcon-core/packages/amr_planner)
[1.904s] DEBUG:colcon.colcon_core.event_handler.log_command:Invoked command in '/home/thuong/amr_ws/build/amr_mapping' returned '1': CMAKE_PREFIX_PATH=${CMAKE_PREFIX_PATH}:/home/thuong/ros2_ws/install/agv_trajectory_tracking:/home/thuong/ros2_ws/install/agv_planner:/opt/ros/humble /usr/bin/cmake /home/thuong/amr_ws/src/amr_mapping -DCMAKE_INSTALL_PREFIX=/home/thuong/amr_ws/install/amr_mapping
[1.918s] Level 1:colcon.colcon_core.environment:create_environment_scripts_only(amr_mapping)
[1.919s] Level 1:colcon.colcon_core.environment:checking '/home/thuong/amr_ws/install/amr_mapping' for CMake module files
[1.919s] Level 1:colcon.colcon_core.environment:checking '/home/thuong/amr_ws/install/amr_mapping' for CMake config files
[1.919s] Level 1:colcon.colcon_core.environment:checking '/home/thuong/amr_ws/install/amr_mapping/bin'
[1.920s] Level 1:colcon.colcon_core.environment:checking '/home/thuong/amr_ws/install/amr_mapping/lib/pkgconfig/amr_mapping.pc'
[1.920s] Level 1:colcon.colcon_core.environment:checking '/home/thuong/amr_ws/install/amr_mapping/lib/python3.10/site-packages'
[1.920s] Level 1:colcon.colcon_core.environment:checking '/home/thuong/amr_ws/install/amr_mapping/bin'
[1.921s] INFO:colcon.colcon_core.shell:Creating package script '/home/thuong/amr_ws/install/amr_mapping/share/amr_mapping/package.ps1'
[1.921s] INFO:colcon.colcon_core.shell:Creating package descriptor '/home/thuong/amr_ws/install/amr_mapping/share/amr_mapping/package.dsv'
[1.922s] INFO:colcon.colcon_core.shell:Creating package script '/home/thuong/amr_ws/install/amr_mapping/share/amr_mapping/package.sh'
[1.922s] INFO:colcon.colcon_core.shell:Creating package script '/home/thuong/amr_ws/install/amr_mapping/share/amr_mapping/package.bash'
[1.922s] INFO:colcon.colcon_core.shell:Creating package script '/home/thuong/amr_ws/install/amr_mapping/share/amr_mapping/package.zsh'
[1.923s] Level 1:colcon.colcon_core.environment:create_file_with_runtime_dependencies(/home/thuong/amr_ws/install/amr_mapping/share/colcon-core/packages/amr_mapping)
[2.213s] DEBUG:colcon.colcon_parallel_executor.executor.parallel:closing loop
[2.213s] DEBUG:colcon.colcon_parallel_executor.executor.parallel:loop closed
[2.213s] DEBUG:colcon.colcon_parallel_executor.executor.parallel:run_until_complete finished with '1'
[2.213s] DEBUG:colcon.colcon_core.event_reactor:joining thread
[2.218s] INFO:colcon.colcon_core.plugin_system:Skipping extension 'colcon_notification.desktop_notification.terminal_notifier': Not used on non-Darwin systems
[2.218s] INFO:colcon.colcon_core.plugin_system:Skipping extension 'colcon_notification.desktop_notification.win32': Not used on non-Windows systems
[2.218s] INFO:colcon.colcon_notification.desktop_notification:Sending desktop notification using 'notify2'
[2.229s] DEBUG:colcon.colcon_core.event_reactor:joined thread
[2.229s] INFO:colcon.colcon_core.shell:Creating prefix script '/home/thuong/amr_ws/install/local_setup.ps1'
[2.230s] INFO:colcon.colcon_core.shell:Creating prefix util module '/home/thuong/amr_ws/install/_local_setup_util_ps1.py'
[2.231s] INFO:colcon.colcon_core.shell:Creating prefix chain script '/home/thuong/amr_ws/install/setup.ps1'
[2.232s] INFO:colcon.colcon_core.shell:Creating prefix script '/home/thuong/amr_ws/install/local_setup.sh'
[2.232s] INFO:colcon.colcon_core.shell:Creating prefix util module '/home/thuong/amr_ws/install/_local_setup_util_sh.py'
[2.233s] INFO:colcon.colcon_core.shell:Creating prefix chain script '/home/thuong/amr_ws/install/setup.sh'
[2.234s] INFO:colcon.colcon_core.shell:Creating prefix script '/home/thuong/amr_ws/install/local_setup.bash'
[2.235s] INFO:colcon.colcon_core.shell:Creating prefix chain script '/home/thuong/amr_ws/install/setup.bash'
[2.236s] INFO:colcon.colcon_core.shell:Creating prefix script '/home/thuong/amr_ws/install/local_setup.zsh'
[2.236s] INFO:colcon.colcon_core.shell:Creating prefix chain script '/home/thuong/amr_ws/install/setup.zsh'
