[0.036s] Invoking command in '/home/thuong/amr_ws/build/amr_bringup': CMAKE_PREFIX_PATH=${CMAKE_PREFIX_PATH}:/home/thuong/ros2_ws/install/agv_trajectory_tracking:/home/thuong/ros2_ws/install/agv_planner:/opt/ros/humble /usr/bin/cmake /home/thuong/amr_ws/src/amr_bringup -DCMAKE_INSTALL_PREFIX=/home/thuong/amr_ws/install/amr_bringup
[0.325s] -- The C compiler identification is GNU 11.4.0
[0.325s] -- The CXX compiler identification is GNU 11.4.0
[0.325s] -- Detecting C compiler ABI info
[0.325s] -- Detecting C compiler ABI info - done
[0.326s] -- Check for working C compiler: /usr/bin/cc - skipped
[0.326s] -- Detecting C compile features
[0.326s] -- Detecting C compile features - done
[0.326s] -- Detecting CXX compiler ABI info
[0.326s] -- Detecting CXX compiler ABI info - done
[0.326s] -- Check for working CXX compiler: /usr/bin/c++ - skipped
[0.326s] -- Detecting CXX compile features
[0.327s] -- Detecting CXX compile features - done
[0.327s] -- Found ament_cmake: 1.3.12 (/opt/ros/humble/share/ament_cmake/cmake)
[0.518s] -- Found Python3: /usr/bin/python3 (found version "3.10.12") found components: Interpreter 
[0.644s] -- Found ament_lint_auto: 0.12.14 (/opt/ros/humble/share/ament_lint_auto/cmake)
[0.746s] -- Added test 'flake8' to check Python code syntax and style conventions
[0.747s] -- Added test 'lint_cmake' to check CMake code style
[0.748s] -- Added test 'pep257' to check Python code against some of the docstring style conventions in PEP 257
[0.752s] -- Added test 'xmllint' to check XML markup files
[0.752s] -- Configuring done
[0.756s] -- Generating done
[0.759s] -- Build files have been written to: /home/thuong/amr_ws/build/amr_bringup
[0.766s] Invoked command in '/home/thuong/amr_ws/build/amr_bringup' returned '0': CMAKE_PREFIX_PATH=${CMAKE_PREFIX_PATH}:/home/thuong/ros2_ws/install/agv_trajectory_tracking:/home/thuong/ros2_ws/install/agv_planner:/opt/ros/humble /usr/bin/cmake /home/thuong/amr_ws/src/amr_bringup -DCMAKE_INSTALL_PREFIX=/home/thuong/amr_ws/install/amr_bringup
[0.768s] Invoking command in '/home/thuong/amr_ws/build/amr_bringup': CMAKE_PREFIX_PATH=${CMAKE_PREFIX_PATH}:/home/thuong/ros2_ws/install/agv_trajectory_tracking:/home/thuong/ros2_ws/install/agv_planner:/opt/ros/humble /usr/bin/cmake --build /home/thuong/amr_ws/build/amr_bringup
[0.826s] Invoked command in '/home/thuong/amr_ws/build/amr_bringup' returned '0': CMAKE_PREFIX_PATH=${CMAKE_PREFIX_PATH}:/home/thuong/ros2_ws/install/agv_trajectory_tracking:/home/thuong/ros2_ws/install/agv_planner:/opt/ros/humble /usr/bin/cmake --build /home/thuong/amr_ws/build/amr_bringup
[0.842s] Invoking command in '/home/thuong/amr_ws/build/amr_bringup': CMAKE_PREFIX_PATH=${CMAKE_PREFIX_PATH}:/home/thuong/ros2_ws/install/agv_trajectory_tracking:/home/thuong/ros2_ws/install/agv_planner:/opt/ros/humble /usr/bin/cmake --install /home/thuong/amr_ws/build/amr_bringup
[0.851s] -- Install configuration: ""
[0.852s] -- Installing: /home/thuong/amr_ws/install/amr_bringup/share/ament_index/resource_index/package_run_dependencies/amr_bringup
[0.852s] -- Installing: /home/thuong/amr_ws/install/amr_bringup/share/ament_index/resource_index/parent_prefix_path/amr_bringup
[0.852s] -- Installing: /home/thuong/amr_ws/install/amr_bringup/share/amr_bringup/environment/ament_prefix_path.sh
[0.853s] -- Installing: /home/thuong/amr_ws/install/amr_bringup/share/amr_bringup/environment/ament_prefix_path.dsv
[0.853s] -- Installing: /home/thuong/amr_ws/install/amr_bringup/share/amr_bringup/environment/path.sh
[0.853s] -- Installing: /home/thuong/amr_ws/install/amr_bringup/share/amr_bringup/environment/path.dsv
[0.853s] -- Installing: /home/thuong/amr_ws/install/amr_bringup/share/amr_bringup/local_setup.bash
[0.853s] -- Installing: /home/thuong/amr_ws/install/amr_bringup/share/amr_bringup/local_setup.sh
[0.854s] -- Installing: /home/thuong/amr_ws/install/amr_bringup/share/amr_bringup/local_setup.zsh
[0.854s] -- Installing: /home/thuong/amr_ws/install/amr_bringup/share/amr_bringup/local_setup.dsv
[0.854s] -- Installing: /home/thuong/amr_ws/install/amr_bringup/share/amr_bringup/package.dsv
[0.854s] -- Installing: /home/thuong/amr_ws/install/amr_bringup/share/ament_index/resource_index/packages/amr_bringup
[0.855s] -- Installing: /home/thuong/amr_ws/install/amr_bringup/share/amr_bringup/cmake/amr_bringupConfig.cmake
[0.855s] -- Installing: /home/thuong/amr_ws/install/amr_bringup/share/amr_bringup/cmake/amr_bringupConfig-version.cmake
[0.855s] -- Installing: /home/thuong/amr_ws/install/amr_bringup/share/amr_bringup/package.xml
[0.858s] Invoked command in '/home/thuong/amr_ws/build/amr_bringup' returned '0': CMAKE_PREFIX_PATH=${CMAKE_PREFIX_PATH}:/home/thuong/ros2_ws/install/agv_trajectory_tracking:/home/thuong/ros2_ws/install/agv_planner:/opt/ros/humble /usr/bin/cmake --install /home/thuong/amr_ws/build/amr_bringup
