[0.037s] Invoking command in '/home/thuong/amr_ws/build/amr_bringup': CMAKE_PREFIX_PATH=${CMAKE_PREFIX_PATH}:/home/thuong/ros2_ws/install/agv_trajectory_tracking:/home/thuong/ros2_ws/install/agv_planner:/opt/ros/humble /usr/bin/cmake --build /home/thuong/amr_ws/build/amr_bringup -- -j12 -l12
[0.308s] Invoked command in '/home/thuong/amr_ws/build/amr_bringup' returned '0': CMAKE_PREFIX_PATH=${CMAKE_PREFIX_PATH}:/home/thuong/ros2_ws/install/agv_trajectory_tracking:/home/thuong/ros2_ws/install/agv_planner:/opt/ros/humble /usr/bin/cmake --build /home/thuong/amr_ws/build/amr_bringup -- -j12 -l12
[0.317s] Invoking command in '/home/thuong/amr_ws/build/amr_bringup': CMAKE_PREFIX_PATH=${CMAKE_PREFIX_PATH}:/home/thuong/ros2_ws/install/agv_trajectory_tracking:/home/thuong/ros2_ws/install/agv_planner:/opt/ros/humble /usr/bin/cmake --install /home/thuong/amr_ws/build/amr_bringup
[0.324s] -- Install configuration: ""
[0.325s] -- Up-to-date: /home/thuong/amr_ws/install/amr_bringup/share/ament_index/resource_index/package_run_dependencies/amr_bringup
[0.325s] -- Up-to-date: /home/thuong/amr_ws/install/amr_bringup/share/ament_index/resource_index/parent_prefix_path/amr_bringup
[0.325s] -- Up-to-date: /home/thuong/amr_ws/install/amr_bringup/share/amr_bringup/environment/ament_prefix_path.sh
[0.325s] -- Up-to-date: /home/thuong/amr_ws/install/amr_bringup/share/amr_bringup/environment/ament_prefix_path.dsv
[0.325s] -- Up-to-date: /home/thuong/amr_ws/install/amr_bringup/share/amr_bringup/environment/path.sh
[0.325s] -- Up-to-date: /home/thuong/amr_ws/install/amr_bringup/share/amr_bringup/environment/path.dsv
[0.325s] -- Up-to-date: /home/thuong/amr_ws/install/amr_bringup/share/amr_bringup/local_setup.bash
[0.325s] -- Up-to-date: /home/thuong/amr_ws/install/amr_bringup/share/amr_bringup/local_setup.sh
[0.325s] -- Up-to-date: /home/thuong/amr_ws/install/amr_bringup/share/amr_bringup/local_setup.zsh
[0.325s] -- Up-to-date: /home/thuong/amr_ws/install/amr_bringup/share/amr_bringup/local_setup.dsv
[0.326s] -- Up-to-date: /home/thuong/amr_ws/install/amr_bringup/share/amr_bringup/package.dsv
[0.326s] -- Up-to-date: /home/thuong/amr_ws/install/amr_bringup/share/ament_index/resource_index/packages/amr_bringup
[0.326s] -- Up-to-date: /home/thuong/amr_ws/install/amr_bringup/share/amr_bringup/cmake/amr_bringupConfig.cmake
[0.326s] -- Up-to-date: /home/thuong/amr_ws/install/amr_bringup/share/amr_bringup/cmake/amr_bringupConfig-version.cmake
[0.326s] -- Up-to-date: /home/thuong/amr_ws/install/amr_bringup/share/amr_bringup/package.xml
[0.329s] Invoked command in '/home/thuong/amr_ws/build/amr_bringup' returned '0': CMAKE_PREFIX_PATH=${CMAKE_PREFIX_PATH}:/home/thuong/ros2_ws/install/agv_trajectory_tracking:/home/thuong/ros2_ws/install/agv_planner:/opt/ros/humble /usr/bin/cmake --install /home/thuong/amr_ws/build/amr_bringup
