[1.494s] Invoking command in '/home/thuong/amr_ws/src/amr_planner': PYTHONPATH=/home/thuong/amr_ws/build/amr_planner/prefix_override:/usr/lib/python3/dist-packages/colcon_core/task/python/colcon_distutils_commands:/home/thuong/amr_ws/install/amr_planner/lib/python3.10/site-packages:${PYTHONPATH} /usr/bin/python3 -W ignore:setup.py install is deprecated -W ignore:easy_install command is deprecated setup.py egg_info --egg-base ../../build/amr_planner build --build-base /home/thuong/amr_ws/build/amr_planner/build install --record /home/thuong/amr_ws/build/amr_planner/install.log --single-version-externally-managed install_data
[2.284s] running egg_info
[2.289s] writing ../../build/amr_planner/amr_planner.egg-info/PKG-INFO
[2.289s] writing dependency_links to ../../build/amr_planner/amr_planner.egg-info/dependency_links.txt
[2.290s] writing entry points to ../../build/amr_planner/amr_planner.egg-info/entry_points.txt
[2.291s] writing requirements to ../../build/amr_planner/amr_planner.egg-info/requires.txt
[2.291s] writing top-level names to ../../build/amr_planner/amr_planner.egg-info/top_level.txt
[2.296s] reading manifest file '../../build/amr_planner/amr_planner.egg-info/SOURCES.txt'
[2.302s] writing manifest file '../../build/amr_planner/amr_planner.egg-info/SOURCES.txt'
[2.303s] running build
[2.303s] running build_py
[2.307s] running install
[2.308s] running install_lib
[2.309s] running install_data
[2.309s] running install_egg_info
[2.316s] removing '/home/thuong/amr_ws/install/amr_planner/lib/python3.10/site-packages/amr_planner-0.0.0-py3.10.egg-info' (and everything under it)
[2.317s] Copying ../../build/amr_planner/amr_planner.egg-info to /home/thuong/amr_ws/install/amr_planner/lib/python3.10/site-packages/amr_planner-0.0.0-py3.10.egg-info
[2.318s] running install_scripts
[2.359s] Installing global_planner script to /home/thuong/amr_ws/install/amr_planner/lib/agv_planner
[2.360s] writing list of installed files to '/home/thuong/amr_ws/build/amr_planner/install.log'
[2.440s] Invoked command in '/home/thuong/amr_ws/src/amr_planner' returned '0': PYTHONPATH=/home/thuong/amr_ws/build/amr_planner/prefix_override:/usr/lib/python3/dist-packages/colcon_core/task/python/colcon_distutils_commands:/home/thuong/amr_ws/install/amr_planner/lib/python3.10/site-packages:${PYTHONPATH} /usr/bin/python3 -W ignore:setup.py install is deprecated -W ignore:easy_install command is deprecated setup.py egg_info --egg-base ../../build/amr_planner build --build-base /home/thuong/amr_ws/build/amr_planner/build install --record /home/thuong/amr_ws/build/amr_planner/install.log --single-version-externally-managed install_data
