[0.102s] DEBUG:colcon:Command line arguments: ['/usr/bin/colcon', 'build']
[0.102s] DEBUG:colcon:Parsed command line arguments: Namespace(log_base=None, log_level=None, verb_name='build', build_base='build', install_base='install', merge_install=False, symlink_install=False, test_result_base=None, continue_on_error=False, executor='parallel', parallel_workers=12, event_handlers=None, ignore_user_meta=False, metas=['./colcon.meta'], base_paths=['.'], packages_ignore=None, packages_ignore_regex=None, paths=None, packages_up_to=None, packages_up_to_regex=None, packages_above=None, packages_above_and_dependencies=None, packages_above_depth=None, packages_select_by_dep=None, packages_skip_by_dep=None, packages_skip_up_to=None, packages_select_build_failed=False, packages_skip_build_finished=False, packages_select_test_failures=False, packages_skip_test_passed=False, packages_select=None, packages_skip=None, packages_select_regex=None, packages_skip_regex=None, packages_start=None, packages_end=None, allow_overriding=[], cmake_args=None, cmake_target=None, cmake_target_skip_unavailable=False, cmake_clean_cache=False, cmake_clean_first=False, cmake_force_configure=False, ament_cmake_args=None, catkin_cmake_args=None, catkin_skip_building_tests=False, verb_parser=<colcon_defaults.argument_parser.defaults.DefaultArgumentsDecorator object at 0x7f49d1f5d840>, verb_extension=<colcon_core.verb.build.BuildVerb object at 0x7f49d20c65c0>, main=<bound method BuildVerb.main of <colcon_core.verb.build.BuildVerb object at 0x7f49d20c65c0>>)
[0.257s] Level 1:colcon.colcon_core.package_discovery:discover_packages(colcon_meta) check parameters
[0.257s] Level 1:colcon.colcon_core.package_discovery:discover_packages(recursive) check parameters
[0.257s] Level 1:colcon.colcon_core.package_discovery:discover_packages(ignore) check parameters
[0.257s] Level 1:colcon.colcon_core.package_discovery:discover_packages(path) check parameters
[0.257s] Level 1:colcon.colcon_core.package_discovery:discover_packages(colcon_meta) discover
[0.257s] Level 1:colcon.colcon_core.package_discovery:discover_packages(recursive) discover
[0.257s] INFO:colcon.colcon_core.package_discovery:Crawling recursively for packages in '/home/thuong/amr_ws'
[0.257s] Level 1:colcon.colcon_core.package_identification:_identify(.) by extensions ['ignore', 'ignore_ament_install']
[0.257s] Level 1:colcon.colcon_core.package_identification:_identify(.) by extension 'ignore'
[0.258s] Level 1:colcon.colcon_core.package_identification:_identify(.) by extension 'ignore_ament_install'
[0.258s] Level 1:colcon.colcon_core.package_identification:_identify(.) by extensions ['colcon_pkg']
[0.258s] Level 1:colcon.colcon_core.package_identification:_identify(.) by extension 'colcon_pkg'
[0.258s] Level 1:colcon.colcon_core.package_identification:_identify(.) by extensions ['colcon_meta']
[0.258s] Level 1:colcon.colcon_core.package_identification:_identify(.) by extension 'colcon_meta'
[0.258s] Level 1:colcon.colcon_core.package_identification:_identify(.) by extensions ['ros']
[0.258s] Level 1:colcon.colcon_core.package_identification:_identify(.) by extension 'ros'
[0.266s] Level 1:colcon.colcon_core.package_identification:_identify(.) by extensions ['cmake', 'python']
[0.266s] Level 1:colcon.colcon_core.package_identification:_identify(.) by extension 'cmake'
[0.266s] Level 1:colcon.colcon_core.package_identification:_identify(.) by extension 'python'
[0.267s] Level 1:colcon.colcon_core.package_identification:_identify(.) by extensions ['python_setup_py']
[0.267s] Level 1:colcon.colcon_core.package_identification:_identify(.) by extension 'python_setup_py'
[0.267s] Level 1:colcon.colcon_core.package_identification:_identify(build) by extensions ['ignore', 'ignore_ament_install']
[0.267s] Level 1:colcon.colcon_core.package_identification:_identify(build) by extension 'ignore'
[0.267s] Level 1:colcon.colcon_core.package_identification:_identify(build) ignored
[0.267s] Level 1:colcon.colcon_core.package_identification:_identify(install) by extensions ['ignore', 'ignore_ament_install']
[0.267s] Level 1:colcon.colcon_core.package_identification:_identify(install) by extension 'ignore'
[0.267s] Level 1:colcon.colcon_core.package_identification:_identify(install) ignored
[0.267s] Level 1:colcon.colcon_core.package_identification:_identify(log) by extensions ['ignore', 'ignore_ament_install']
[0.267s] Level 1:colcon.colcon_core.package_identification:_identify(log) by extension 'ignore'
[0.267s] Level 1:colcon.colcon_core.package_identification:_identify(log) ignored
[0.267s] Level 1:colcon.colcon_core.package_identification:_identify(src) by extensions ['ignore', 'ignore_ament_install']
[0.267s] Level 1:colcon.colcon_core.package_identification:_identify(src) by extension 'ignore'
[0.267s] Level 1:colcon.colcon_core.package_identification:_identify(src) by extension 'ignore_ament_install'
[0.267s] Level 1:colcon.colcon_core.package_identification:_identify(src) by extensions ['colcon_pkg']
[0.267s] Level 1:colcon.colcon_core.package_identification:_identify(src) by extension 'colcon_pkg'
[0.268s] Level 1:colcon.colcon_core.package_identification:_identify(src) by extensions ['colcon_meta']
[0.268s] Level 1:colcon.colcon_core.package_identification:_identify(src) by extension 'colcon_meta'
[0.268s] Level 1:colcon.colcon_core.package_identification:_identify(src) by extensions ['ros']
[0.268s] Level 1:colcon.colcon_core.package_identification:_identify(src) by extension 'ros'
[0.268s] Level 1:colcon.colcon_core.package_identification:_identify(src) by extensions ['cmake', 'python']
[0.268s] Level 1:colcon.colcon_core.package_identification:_identify(src) by extension 'cmake'
[0.268s] Level 1:colcon.colcon_core.package_identification:_identify(src) by extension 'python'
[0.268s] Level 1:colcon.colcon_core.package_identification:_identify(src) by extensions ['python_setup_py']
[0.268s] Level 1:colcon.colcon_core.package_identification:_identify(src) by extension 'python_setup_py'
[0.268s] Level 1:colcon.colcon_core.package_identification:_identify(src/amr_bringup) by extensions ['ignore', 'ignore_ament_install']
[0.268s] Level 1:colcon.colcon_core.package_identification:_identify(src/amr_bringup) by extension 'ignore'
[0.268s] Level 1:colcon.colcon_core.package_identification:_identify(src/amr_bringup) by extension 'ignore_ament_install'
[0.268s] Level 1:colcon.colcon_core.package_identification:_identify(src/amr_bringup) by extensions ['colcon_pkg']
[0.268s] Level 1:colcon.colcon_core.package_identification:_identify(src/amr_bringup) by extension 'colcon_pkg'
[0.268s] Level 1:colcon.colcon_core.package_identification:_identify(src/amr_bringup) by extensions ['colcon_meta']
[0.268s] Level 1:colcon.colcon_core.package_identification:_identify(src/amr_bringup) by extension 'colcon_meta'
[0.268s] Level 1:colcon.colcon_core.package_identification:_identify(src/amr_bringup) by extensions ['ros']
[0.268s] Level 1:colcon.colcon_core.package_identification:_identify(src/amr_bringup) by extension 'ros'
[0.270s] DEBUG:colcon.colcon_core.package_identification:Package 'src/amr_bringup' with type 'ros.ament_cmake' and name 'amr_bringup'
[0.270s] Level 1:colcon.colcon_core.package_identification:_identify(src/amr_descriptions) by extensions ['ignore', 'ignore_ament_install']
[0.270s] Level 1:colcon.colcon_core.package_identification:_identify(src/amr_descriptions) by extension 'ignore'
[0.271s] Level 1:colcon.colcon_core.package_identification:_identify(src/amr_descriptions) by extension 'ignore_ament_install'
[0.271s] Level 1:colcon.colcon_core.package_identification:_identify(src/amr_descriptions) by extensions ['colcon_pkg']
[0.271s] Level 1:colcon.colcon_core.package_identification:_identify(src/amr_descriptions) by extension 'colcon_pkg'
[0.271s] Level 1:colcon.colcon_core.package_identification:_identify(src/amr_descriptions) by extensions ['colcon_meta']
[0.271s] Level 1:colcon.colcon_core.package_identification:_identify(src/amr_descriptions) by extension 'colcon_meta'
[0.271s] Level 1:colcon.colcon_core.package_identification:_identify(src/amr_descriptions) by extensions ['ros']
[0.271s] Level 1:colcon.colcon_core.package_identification:_identify(src/amr_descriptions) by extension 'ros'
[0.272s] DEBUG:colcon.colcon_core.package_identification:Package 'src/amr_descriptions' with type 'ros.ament_cmake' and name 'amr_descriptions'
[0.272s] Level 1:colcon.colcon_core.package_identification:_identify(src/amr_localization) by extensions ['ignore', 'ignore_ament_install']
[0.272s] Level 1:colcon.colcon_core.package_identification:_identify(src/amr_localization) by extension 'ignore'
[0.272s] Level 1:colcon.colcon_core.package_identification:_identify(src/amr_localization) by extension 'ignore_ament_install'
[0.272s] Level 1:colcon.colcon_core.package_identification:_identify(src/amr_localization) by extensions ['colcon_pkg']
[0.272s] Level 1:colcon.colcon_core.package_identification:_identify(src/amr_localization) by extension 'colcon_pkg'
[0.272s] Level 1:colcon.colcon_core.package_identification:_identify(src/amr_localization) by extensions ['colcon_meta']
[0.272s] Level 1:colcon.colcon_core.package_identification:_identify(src/amr_localization) by extension 'colcon_meta'
[0.272s] Level 1:colcon.colcon_core.package_identification:_identify(src/amr_localization) by extensions ['ros']
[0.272s] Level 1:colcon.colcon_core.package_identification:_identify(src/amr_localization) by extension 'ros'
[0.273s] DEBUG:colcon.colcon_core.package_identification:Package 'src/amr_localization' with type 'ros.ament_cmake' and name 'amr_localization'
[0.273s] Level 1:colcon.colcon_core.package_identification:_identify(src/amr_mapping) by extensions ['ignore', 'ignore_ament_install']
[0.273s] Level 1:colcon.colcon_core.package_identification:_identify(src/amr_mapping) by extension 'ignore'
[0.273s] Level 1:colcon.colcon_core.package_identification:_identify(src/amr_mapping) by extension 'ignore_ament_install'
[0.273s] Level 1:colcon.colcon_core.package_identification:_identify(src/amr_mapping) by extensions ['colcon_pkg']
[0.273s] Level 1:colcon.colcon_core.package_identification:_identify(src/amr_mapping) by extension 'colcon_pkg'
[0.273s] Level 1:colcon.colcon_core.package_identification:_identify(src/amr_mapping) by extensions ['colcon_meta']
[0.273s] Level 1:colcon.colcon_core.package_identification:_identify(src/amr_mapping) by extension 'colcon_meta'
[0.273s] Level 1:colcon.colcon_core.package_identification:_identify(src/amr_mapping) by extensions ['ros']
[0.273s] Level 1:colcon.colcon_core.package_identification:_identify(src/amr_mapping) by extension 'ros'
[0.274s] DEBUG:colcon.colcon_core.package_identification:Package 'src/amr_mapping' with type 'ros.ament_cmake' and name 'amr_mapping'
[0.274s] Level 1:colcon.colcon_core.package_identification:_identify(src/amr_planner) by extensions ['ignore', 'ignore_ament_install']
[0.274s] Level 1:colcon.colcon_core.package_identification:_identify(src/amr_planner) by extension 'ignore'
[0.274s] Level 1:colcon.colcon_core.package_identification:_identify(src/amr_planner) by extension 'ignore_ament_install'
[0.274s] Level 1:colcon.colcon_core.package_identification:_identify(src/amr_planner) by extensions ['colcon_pkg']
[0.274s] Level 1:colcon.colcon_core.package_identification:_identify(src/amr_planner) by extension 'colcon_pkg'
[0.274s] Level 1:colcon.colcon_core.package_identification:_identify(src/amr_planner) by extensions ['colcon_meta']
[0.275s] Level 1:colcon.colcon_core.package_identification:_identify(src/amr_planner) by extension 'colcon_meta'
[0.275s] Level 1:colcon.colcon_core.package_identification:_identify(src/amr_planner) by extensions ['ros']
[0.275s] Level 1:colcon.colcon_core.package_identification:_identify(src/amr_planner) by extension 'ros'
[0.275s] DEBUG:colcon.colcon_core.package_identification:Package 'src/amr_planner' with type 'ros.ament_python' and name 'amr_planner'
[0.275s] Level 1:colcon.colcon_core.package_identification:_identify(src/amr_stm32) by extensions ['ignore', 'ignore_ament_install']
[0.275s] Level 1:colcon.colcon_core.package_identification:_identify(src/amr_stm32) by extension 'ignore'
[0.275s] Level 1:colcon.colcon_core.package_identification:_identify(src/amr_stm32) by extension 'ignore_ament_install'
[0.275s] Level 1:colcon.colcon_core.package_identification:_identify(src/amr_stm32) by extensions ['colcon_pkg']
[0.275s] Level 1:colcon.colcon_core.package_identification:_identify(src/amr_stm32) by extension 'colcon_pkg'
[0.275s] Level 1:colcon.colcon_core.package_identification:_identify(src/amr_stm32) by extensions ['colcon_meta']
[0.275s] Level 1:colcon.colcon_core.package_identification:_identify(src/amr_stm32) by extension 'colcon_meta'
[0.276s] Level 1:colcon.colcon_core.package_identification:_identify(src/amr_stm32) by extensions ['ros']
[0.276s] Level 1:colcon.colcon_core.package_identification:_identify(src/amr_stm32) by extension 'ros'
[0.276s] Level 1:colcon.colcon_core.package_identification:_identify(src/amr_stm32) by extensions ['cmake', 'python']
[0.276s] Level 1:colcon.colcon_core.package_identification:_identify(src/amr_stm32) by extension 'cmake'
[0.276s] Level 1:colcon.colcon_core.package_identification:_identify(src/amr_stm32) by extension 'python'
[0.276s] Level 1:colcon.colcon_core.package_identification:_identify(src/amr_stm32) by extensions ['python_setup_py']
[0.276s] Level 1:colcon.colcon_core.package_identification:_identify(src/amr_stm32) by extension 'python_setup_py'
[0.276s] Level 1:colcon.colcon_core.package_identification:_identify(src/amr_stm32/agv_PID) by extensions ['ignore', 'ignore_ament_install']
[0.276s] Level 1:colcon.colcon_core.package_identification:_identify(src/amr_stm32/agv_PID) by extension 'ignore'
[0.276s] Level 1:colcon.colcon_core.package_identification:_identify(src/amr_stm32/agv_PID) by extension 'ignore_ament_install'
[0.276s] Level 1:colcon.colcon_core.package_identification:_identify(src/amr_stm32/agv_PID) by extensions ['colcon_pkg']
[0.276s] Level 1:colcon.colcon_core.package_identification:_identify(src/amr_stm32/agv_PID) by extension 'colcon_pkg'
[0.276s] Level 1:colcon.colcon_core.package_identification:_identify(src/amr_stm32/agv_PID) by extensions ['colcon_meta']
[0.276s] Level 1:colcon.colcon_core.package_identification:_identify(src/amr_stm32/agv_PID) by extension 'colcon_meta'
[0.276s] Level 1:colcon.colcon_core.package_identification:_identify(src/amr_stm32/agv_PID) by extensions ['ros']
[0.276s] Level 1:colcon.colcon_core.package_identification:_identify(src/amr_stm32/agv_PID) by extension 'ros'
[0.277s] Level 1:colcon.colcon_core.package_identification:_identify(src/amr_stm32/agv_PID) by extensions ['cmake', 'python']
[0.277s] Level 1:colcon.colcon_core.package_identification:_identify(src/amr_stm32/agv_PID) by extension 'cmake'
[0.277s] Level 1:colcon.colcon_core.package_identification:_identify(src/amr_stm32/agv_PID) by extension 'python'
[0.277s] Level 1:colcon.colcon_core.package_identification:_identify(src/amr_stm32/agv_PID) by extensions ['python_setup_py']
[0.277s] Level 1:colcon.colcon_core.package_identification:_identify(src/amr_stm32/agv_PID) by extension 'python_setup_py'
[0.277s] Level 1:colcon.colcon_core.package_identification:_identify(src/amr_stm32/agv_PID/agv_pid) by extensions ['ignore', 'ignore_ament_install']
[0.277s] Level 1:colcon.colcon_core.package_identification:_identify(src/amr_stm32/agv_PID/agv_pid) by extension 'ignore'
[0.277s] Level 1:colcon.colcon_core.package_identification:_identify(src/amr_stm32/agv_PID/agv_pid) by extension 'ignore_ament_install'
[0.277s] Level 1:colcon.colcon_core.package_identification:_identify(src/amr_stm32/agv_PID/agv_pid) by extensions ['colcon_pkg']
[0.277s] Level 1:colcon.colcon_core.package_identification:_identify(src/amr_stm32/agv_PID/agv_pid) by extension 'colcon_pkg'
[0.277s] Level 1:colcon.colcon_core.package_identification:_identify(src/amr_stm32/agv_PID/agv_pid) by extensions ['colcon_meta']
[0.277s] Level 1:colcon.colcon_core.package_identification:_identify(src/amr_stm32/agv_PID/agv_pid) by extension 'colcon_meta'
[0.277s] Level 1:colcon.colcon_core.package_identification:_identify(src/amr_stm32/agv_PID/agv_pid) by extensions ['ros']
[0.277s] Level 1:colcon.colcon_core.package_identification:_identify(src/amr_stm32/agv_PID/agv_pid) by extension 'ros'
[0.277s] Level 1:colcon.colcon_core.package_identification:_identify(src/amr_stm32/agv_PID/agv_pid) by extensions ['cmake', 'python']
[0.277s] Level 1:colcon.colcon_core.package_identification:_identify(src/amr_stm32/agv_PID/agv_pid) by extension 'cmake'
[0.277s] Level 1:colcon.colcon_core.package_identification:_identify(src/amr_stm32/agv_PID/agv_pid) by extension 'python'
[0.277s] Level 1:colcon.colcon_core.package_identification:_identify(src/amr_stm32/agv_PID/agv_pid) by extensions ['python_setup_py']
[0.277s] Level 1:colcon.colcon_core.package_identification:_identify(src/amr_stm32/agv_PID/agv_pid) by extension 'python_setup_py'
[0.277s] Level 1:colcon.colcon_core.package_identification:_identify(src/amr_teleop) by extensions ['ignore', 'ignore_ament_install']
[0.278s] Level 1:colcon.colcon_core.package_identification:_identify(src/amr_teleop) by extension 'ignore'
[0.278s] Level 1:colcon.colcon_core.package_identification:_identify(src/amr_teleop) by extension 'ignore_ament_install'
[0.278s] Level 1:colcon.colcon_core.package_identification:_identify(src/amr_teleop) by extensions ['colcon_pkg']
[0.278s] Level 1:colcon.colcon_core.package_identification:_identify(src/amr_teleop) by extension 'colcon_pkg'
[0.278s] Level 1:colcon.colcon_core.package_identification:_identify(src/amr_teleop) by extensions ['colcon_meta']
[0.278s] Level 1:colcon.colcon_core.package_identification:_identify(src/amr_teleop) by extension 'colcon_meta'
[0.278s] Level 1:colcon.colcon_core.package_identification:_identify(src/amr_teleop) by extensions ['ros']
[0.278s] Level 1:colcon.colcon_core.package_identification:_identify(src/amr_teleop) by extension 'ros'
[0.278s] DEBUG:colcon.colcon_core.package_identification:Package 'src/amr_teleop' with type 'ros.ament_cmake' and name 'amr_teleop'
[0.278s] Level 1:colcon.colcon_core.package_identification:_identify(src/rplidar_ros) by extensions ['ignore', 'ignore_ament_install']
[0.279s] Level 1:colcon.colcon_core.package_identification:_identify(src/rplidar_ros) by extension 'ignore'
[0.279s] Level 1:colcon.colcon_core.package_identification:_identify(src/rplidar_ros) by extension 'ignore_ament_install'
[0.279s] Level 1:colcon.colcon_core.package_identification:_identify(src/rplidar_ros) by extensions ['colcon_pkg']
[0.279s] Level 1:colcon.colcon_core.package_identification:_identify(src/rplidar_ros) by extension 'colcon_pkg'
[0.279s] Level 1:colcon.colcon_core.package_identification:_identify(src/rplidar_ros) by extensions ['colcon_meta']
[0.279s] Level 1:colcon.colcon_core.package_identification:_identify(src/rplidar_ros) by extension 'colcon_meta'
[0.279s] Level 1:colcon.colcon_core.package_identification:_identify(src/rplidar_ros) by extensions ['ros']
[0.279s] Level 1:colcon.colcon_core.package_identification:_identify(src/rplidar_ros) by extension 'ros'
[0.279s] DEBUG:colcon.colcon_core.package_identification:Package 'src/rplidar_ros' with type 'ros.ament_cmake' and name 'rplidar_ros'
[0.279s] Level 1:colcon.colcon_core.package_discovery:discover_packages(recursive) using defaults
[0.279s] Level 1:colcon.colcon_core.package_discovery:discover_packages(ignore) discover
[0.279s] Level 1:colcon.colcon_core.package_discovery:discover_packages(ignore) using defaults
[0.279s] Level 1:colcon.colcon_core.package_discovery:discover_packages(path) discover
[0.279s] Level 1:colcon.colcon_core.package_discovery:discover_packages(path) using defaults
[0.307s] Level 1:colcon.colcon_core.package_discovery:discover_packages(prefix_path) check parameters
[0.307s] Level 1:colcon.colcon_core.package_discovery:discover_packages(prefix_path) discover
[0.309s] DEBUG:colcon.colcon_installed_package_information.package_discovery:Found 9 installed packages in /home/thuong/ros2_ws/install
[0.311s] DEBUG:colcon.colcon_installed_package_information.package_discovery:Found 417 installed packages in /opt/ros/humble
[0.312s] Level 1:colcon.colcon_core.package_discovery:discover_packages(prefix_path) using defaults
[0.353s] Level 5:colcon.colcon_core.verb:set package 'amr_bringup' build argument 'cmake_args' from command line to 'None'
[0.353s] Level 5:colcon.colcon_core.verb:set package 'amr_bringup' build argument 'cmake_target' from command line to 'None'
[0.353s] Level 5:colcon.colcon_core.verb:set package 'amr_bringup' build argument 'cmake_target_skip_unavailable' from command line to 'False'
[0.353s] Level 5:colcon.colcon_core.verb:set package 'amr_bringup' build argument 'cmake_clean_cache' from command line to 'False'
[0.353s] Level 5:colcon.colcon_core.verb:set package 'amr_bringup' build argument 'cmake_clean_first' from command line to 'False'
[0.353s] Level 5:colcon.colcon_core.verb:set package 'amr_bringup' build argument 'cmake_force_configure' from command line to 'False'
[0.353s] Level 5:colcon.colcon_core.verb:set package 'amr_bringup' build argument 'ament_cmake_args' from command line to 'None'
[0.353s] Level 5:colcon.colcon_core.verb:set package 'amr_bringup' build argument 'catkin_cmake_args' from command line to 'None'
[0.353s] Level 5:colcon.colcon_core.verb:set package 'amr_bringup' build argument 'catkin_skip_building_tests' from command line to 'False'
[0.353s] DEBUG:colcon.colcon_core.verb:Building package 'amr_bringup' with the following arguments: {'ament_cmake_args': None, 'build_base': '/home/thuong/amr_ws/build/amr_bringup', 'catkin_cmake_args': None, 'catkin_skip_building_tests': False, 'cmake_args': None, 'cmake_clean_cache': False, 'cmake_clean_first': False, 'cmake_force_configure': False, 'cmake_target': None, 'cmake_target_skip_unavailable': False, 'install_base': '/home/thuong/amr_ws/install/amr_bringup', 'merge_install': False, 'path': '/home/thuong/amr_ws/src/amr_bringup', 'symlink_install': False, 'test_result_base': None}
[0.354s] Level 5:colcon.colcon_core.verb:set package 'amr_descriptions' build argument 'cmake_args' from command line to 'None'
[0.354s] Level 5:colcon.colcon_core.verb:set package 'amr_descriptions' build argument 'cmake_target' from command line to 'None'
[0.354s] Level 5:colcon.colcon_core.verb:set package 'amr_descriptions' build argument 'cmake_target_skip_unavailable' from command line to 'False'
[0.354s] Level 5:colcon.colcon_core.verb:set package 'amr_descriptions' build argument 'cmake_clean_cache' from command line to 'False'
[0.354s] Level 5:colcon.colcon_core.verb:set package 'amr_descriptions' build argument 'cmake_clean_first' from command line to 'False'
[0.354s] Level 5:colcon.colcon_core.verb:set package 'amr_descriptions' build argument 'cmake_force_configure' from command line to 'False'
[0.354s] Level 5:colcon.colcon_core.verb:set package 'amr_descriptions' build argument 'ament_cmake_args' from command line to 'None'
[0.354s] Level 5:colcon.colcon_core.verb:set package 'amr_descriptions' build argument 'catkin_cmake_args' from command line to 'None'
[0.354s] Level 5:colcon.colcon_core.verb:set package 'amr_descriptions' build argument 'catkin_skip_building_tests' from command line to 'False'
[0.354s] DEBUG:colcon.colcon_core.verb:Building package 'amr_descriptions' with the following arguments: {'ament_cmake_args': None, 'build_base': '/home/thuong/amr_ws/build/amr_descriptions', 'catkin_cmake_args': None, 'catkin_skip_building_tests': False, 'cmake_args': None, 'cmake_clean_cache': False, 'cmake_clean_first': False, 'cmake_force_configure': False, 'cmake_target': None, 'cmake_target_skip_unavailable': False, 'install_base': '/home/thuong/amr_ws/install/amr_descriptions', 'merge_install': False, 'path': '/home/thuong/amr_ws/src/amr_descriptions', 'symlink_install': False, 'test_result_base': None}
[0.354s] Level 5:colcon.colcon_core.verb:set package 'amr_localization' build argument 'cmake_args' from command line to 'None'
[0.354s] Level 5:colcon.colcon_core.verb:set package 'amr_localization' build argument 'cmake_target' from command line to 'None'
[0.354s] Level 5:colcon.colcon_core.verb:set package 'amr_localization' build argument 'cmake_target_skip_unavailable' from command line to 'False'
[0.354s] Level 5:colcon.colcon_core.verb:set package 'amr_localization' build argument 'cmake_clean_cache' from command line to 'False'
[0.354s] Level 5:colcon.colcon_core.verb:set package 'amr_localization' build argument 'cmake_clean_first' from command line to 'False'
[0.354s] Level 5:colcon.colcon_core.verb:set package 'amr_localization' build argument 'cmake_force_configure' from command line to 'False'
[0.354s] Level 5:colcon.colcon_core.verb:set package 'amr_localization' build argument 'ament_cmake_args' from command line to 'None'
[0.354s] Level 5:colcon.colcon_core.verb:set package 'amr_localization' build argument 'catkin_cmake_args' from command line to 'None'
[0.355s] Level 5:colcon.colcon_core.verb:set package 'amr_localization' build argument 'catkin_skip_building_tests' from command line to 'False'
[0.355s] DEBUG:colcon.colcon_core.verb:Building package 'amr_localization' with the following arguments: {'ament_cmake_args': None, 'build_base': '/home/thuong/amr_ws/build/amr_localization', 'catkin_cmake_args': None, 'catkin_skip_building_tests': False, 'cmake_args': None, 'cmake_clean_cache': False, 'cmake_clean_first': False, 'cmake_force_configure': False, 'cmake_target': None, 'cmake_target_skip_unavailable': False, 'install_base': '/home/thuong/amr_ws/install/amr_localization', 'merge_install': False, 'path': '/home/thuong/amr_ws/src/amr_localization', 'symlink_install': False, 'test_result_base': None}
[0.355s] Level 5:colcon.colcon_core.verb:set package 'amr_mapping' build argument 'cmake_args' from command line to 'None'
[0.355s] Level 5:colcon.colcon_core.verb:set package 'amr_mapping' build argument 'cmake_target' from command line to 'None'
[0.355s] Level 5:colcon.colcon_core.verb:set package 'amr_mapping' build argument 'cmake_target_skip_unavailable' from command line to 'False'
[0.355s] Level 5:colcon.colcon_core.verb:set package 'amr_mapping' build argument 'cmake_clean_cache' from command line to 'False'
[0.355s] Level 5:colcon.colcon_core.verb:set package 'amr_mapping' build argument 'cmake_clean_first' from command line to 'False'
[0.355s] Level 5:colcon.colcon_core.verb:set package 'amr_mapping' build argument 'cmake_force_configure' from command line to 'False'
[0.355s] Level 5:colcon.colcon_core.verb:set package 'amr_mapping' build argument 'ament_cmake_args' from command line to 'None'
[0.355s] Level 5:colcon.colcon_core.verb:set package 'amr_mapping' build argument 'catkin_cmake_args' from command line to 'None'
[0.355s] Level 5:colcon.colcon_core.verb:set package 'amr_mapping' build argument 'catkin_skip_building_tests' from command line to 'False'
[0.355s] DEBUG:colcon.colcon_core.verb:Building package 'amr_mapping' with the following arguments: {'ament_cmake_args': None, 'build_base': '/home/thuong/amr_ws/build/amr_mapping', 'catkin_cmake_args': None, 'catkin_skip_building_tests': False, 'cmake_args': None, 'cmake_clean_cache': False, 'cmake_clean_first': False, 'cmake_force_configure': False, 'cmake_target': None, 'cmake_target_skip_unavailable': False, 'install_base': '/home/thuong/amr_ws/install/amr_mapping', 'merge_install': False, 'path': '/home/thuong/amr_ws/src/amr_mapping', 'symlink_install': False, 'test_result_base': None}
[0.355s] Level 5:colcon.colcon_core.verb:set package 'amr_planner' build argument 'cmake_args' from command line to 'None'
[0.355s] Level 5:colcon.colcon_core.verb:set package 'amr_planner' build argument 'cmake_target' from command line to 'None'
[0.355s] Level 5:colcon.colcon_core.verb:set package 'amr_planner' build argument 'cmake_target_skip_unavailable' from command line to 'False'
[0.355s] Level 5:colcon.colcon_core.verb:set package 'amr_planner' build argument 'cmake_clean_cache' from command line to 'False'
[0.355s] Level 5:colcon.colcon_core.verb:set package 'amr_planner' build argument 'cmake_clean_first' from command line to 'False'
[0.355s] Level 5:colcon.colcon_core.verb:set package 'amr_planner' build argument 'cmake_force_configure' from command line to 'False'
[0.355s] Level 5:colcon.colcon_core.verb:set package 'amr_planner' build argument 'ament_cmake_args' from command line to 'None'
[0.356s] Level 5:colcon.colcon_core.verb:set package 'amr_planner' build argument 'catkin_cmake_args' from command line to 'None'
[0.356s] Level 5:colcon.colcon_core.verb:set package 'amr_planner' build argument 'catkin_skip_building_tests' from command line to 'False'
[0.356s] DEBUG:colcon.colcon_core.verb:Building package 'amr_planner' with the following arguments: {'ament_cmake_args': None, 'build_base': '/home/thuong/amr_ws/build/amr_planner', 'catkin_cmake_args': None, 'catkin_skip_building_tests': False, 'cmake_args': None, 'cmake_clean_cache': False, 'cmake_clean_first': False, 'cmake_force_configure': False, 'cmake_target': None, 'cmake_target_skip_unavailable': False, 'install_base': '/home/thuong/amr_ws/install/amr_planner', 'merge_install': False, 'path': '/home/thuong/amr_ws/src/amr_planner', 'symlink_install': False, 'test_result_base': None}
[0.356s] Level 5:colcon.colcon_core.verb:set package 'amr_teleop' build argument 'cmake_args' from command line to 'None'
[0.356s] Level 5:colcon.colcon_core.verb:set package 'amr_teleop' build argument 'cmake_target' from command line to 'None'
[0.356s] Level 5:colcon.colcon_core.verb:set package 'amr_teleop' build argument 'cmake_target_skip_unavailable' from command line to 'False'
[0.356s] Level 5:colcon.colcon_core.verb:set package 'amr_teleop' build argument 'cmake_clean_cache' from command line to 'False'
[0.356s] Level 5:colcon.colcon_core.verb:set package 'amr_teleop' build argument 'cmake_clean_first' from command line to 'False'
[0.356s] Level 5:colcon.colcon_core.verb:set package 'amr_teleop' build argument 'cmake_force_configure' from command line to 'False'
[0.356s] Level 5:colcon.colcon_core.verb:set package 'amr_teleop' build argument 'ament_cmake_args' from command line to 'None'
[0.356s] Level 5:colcon.colcon_core.verb:set package 'amr_teleop' build argument 'catkin_cmake_args' from command line to 'None'
[0.356s] Level 5:colcon.colcon_core.verb:set package 'amr_teleop' build argument 'catkin_skip_building_tests' from command line to 'False'
[0.356s] DEBUG:colcon.colcon_core.verb:Building package 'amr_teleop' with the following arguments: {'ament_cmake_args': None, 'build_base': '/home/thuong/amr_ws/build/amr_teleop', 'catkin_cmake_args': None, 'catkin_skip_building_tests': False, 'cmake_args': None, 'cmake_clean_cache': False, 'cmake_clean_first': False, 'cmake_force_configure': False, 'cmake_target': None, 'cmake_target_skip_unavailable': False, 'install_base': '/home/thuong/amr_ws/install/amr_teleop', 'merge_install': False, 'path': '/home/thuong/amr_ws/src/amr_teleop', 'symlink_install': False, 'test_result_base': None}
[0.356s] Level 5:colcon.colcon_core.verb:set package 'rplidar_ros' build argument 'cmake_args' from command line to 'None'
[0.356s] Level 5:colcon.colcon_core.verb:set package 'rplidar_ros' build argument 'cmake_target' from command line to 'None'
[0.356s] Level 5:colcon.colcon_core.verb:set package 'rplidar_ros' build argument 'cmake_target_skip_unavailable' from command line to 'False'
[0.356s] Level 5:colcon.colcon_core.verb:set package 'rplidar_ros' build argument 'cmake_clean_cache' from command line to 'False'
[0.357s] Level 5:colcon.colcon_core.verb:set package 'rplidar_ros' build argument 'cmake_clean_first' from command line to 'False'
[0.357s] Level 5:colcon.colcon_core.verb:set package 'rplidar_ros' build argument 'cmake_force_configure' from command line to 'False'
[0.357s] Level 5:colcon.colcon_core.verb:set package 'rplidar_ros' build argument 'ament_cmake_args' from command line to 'None'
[0.357s] Level 5:colcon.colcon_core.verb:set package 'rplidar_ros' build argument 'catkin_cmake_args' from command line to 'None'
[0.357s] Level 5:colcon.colcon_core.verb:set package 'rplidar_ros' build argument 'catkin_skip_building_tests' from command line to 'False'
[0.357s] DEBUG:colcon.colcon_core.verb:Building package 'rplidar_ros' with the following arguments: {'ament_cmake_args': None, 'build_base': '/home/thuong/amr_ws/build/rplidar_ros', 'catkin_cmake_args': None, 'catkin_skip_building_tests': False, 'cmake_args': None, 'cmake_clean_cache': False, 'cmake_clean_first': False, 'cmake_force_configure': False, 'cmake_target': None, 'cmake_target_skip_unavailable': False, 'install_base': '/home/thuong/amr_ws/install/rplidar_ros', 'merge_install': False, 'path': '/home/thuong/amr_ws/src/rplidar_ros', 'symlink_install': False, 'test_result_base': None}
[0.357s] INFO:colcon.colcon_core.executor:Executing jobs using 'parallel' executor
[0.358s] DEBUG:colcon.colcon_parallel_executor.executor.parallel:run_until_complete
[0.358s] INFO:colcon.colcon_ros.task.ament_cmake.build:Building ROS package in '/home/thuong/amr_ws/src/amr_bringup' with build type 'ament_cmake'
[0.358s] INFO:colcon.colcon_cmake.task.cmake.build:Building CMake package in '/home/thuong/amr_ws/src/amr_bringup'
[0.360s] INFO:colcon.colcon_core.plugin_system:Skipping extension 'colcon_core.shell.bat': Not used on non-Windows systems
[0.360s] INFO:colcon.colcon_core.shell:Skip shell extension 'powershell' for command environment: Not usable outside of PowerShell
[0.360s] DEBUG:colcon.colcon_core.shell:Skip shell extension 'dsv' for command environment
[0.364s] INFO:colcon.colcon_ros.task.ament_cmake.build:Building ROS package in '/home/thuong/amr_ws/src/amr_descriptions' with build type 'ament_cmake'
[0.364s] INFO:colcon.colcon_cmake.task.cmake.build:Building CMake package in '/home/thuong/amr_ws/src/amr_descriptions'
[0.364s] INFO:colcon.colcon_core.shell:Skip shell extension 'powershell' for command environment: Not usable outside of PowerShell
[0.364s] DEBUG:colcon.colcon_core.shell:Skip shell extension 'dsv' for command environment
[0.368s] INFO:colcon.colcon_ros.task.ament_cmake.build:Building ROS package in '/home/thuong/amr_ws/src/amr_localization' with build type 'ament_cmake'
[0.368s] INFO:colcon.colcon_cmake.task.cmake.build:Building CMake package in '/home/thuong/amr_ws/src/amr_localization'
[0.368s] INFO:colcon.colcon_core.shell:Skip shell extension 'powershell' for command environment: Not usable outside of PowerShell
[0.368s] DEBUG:colcon.colcon_core.shell:Skip shell extension 'dsv' for command environment
[0.372s] INFO:colcon.colcon_ros.task.ament_cmake.build:Building ROS package in '/home/thuong/amr_ws/src/amr_mapping' with build type 'ament_cmake'
[0.372s] INFO:colcon.colcon_cmake.task.cmake.build:Building CMake package in '/home/thuong/amr_ws/src/amr_mapping'
[0.373s] INFO:colcon.colcon_core.shell:Skip shell extension 'powershell' for command environment: Not usable outside of PowerShell
[0.373s] DEBUG:colcon.colcon_core.shell:Skip shell extension 'dsv' for command environment
[0.376s] INFO:colcon.colcon_ros.task.ament_python.build:Building ROS package in '/home/thuong/amr_ws/src/amr_planner' with build type 'ament_python'
[0.377s] Level 1:colcon.colcon_core.shell:create_environment_hook('amr_planner', 'ament_prefix_path')
[0.377s] INFO:colcon.colcon_core.shell:Creating environment hook '/home/thuong/amr_ws/install/amr_planner/share/amr_planner/hook/ament_prefix_path.ps1'
[0.377s] INFO:colcon.colcon_core.shell:Creating environment descriptor '/home/thuong/amr_ws/install/amr_planner/share/amr_planner/hook/ament_prefix_path.dsv'
[0.378s] INFO:colcon.colcon_core.shell:Creating environment hook '/home/thuong/amr_ws/install/amr_planner/share/amr_planner/hook/ament_prefix_path.sh'
[0.378s] INFO:colcon.colcon_core.shell:Skip shell extension 'powershell' for command environment: Not usable outside of PowerShell
[0.378s] DEBUG:colcon.colcon_core.shell:Skip shell extension 'dsv' for command environment
[0.382s] INFO:colcon.colcon_ros.task.ament_cmake.build:Building ROS package in '/home/thuong/amr_ws/src/amr_teleop' with build type 'ament_cmake'
[0.382s] INFO:colcon.colcon_cmake.task.cmake.build:Building CMake package in '/home/thuong/amr_ws/src/amr_teleop'
[0.383s] INFO:colcon.colcon_core.shell:Skip shell extension 'powershell' for command environment: Not usable outside of PowerShell
[0.383s] DEBUG:colcon.colcon_core.shell:Skip shell extension 'dsv' for command environment
[0.386s] INFO:colcon.colcon_ros.task.ament_cmake.build:Building ROS package in '/home/thuong/amr_ws/src/rplidar_ros' with build type 'ament_cmake'
[0.386s] INFO:colcon.colcon_cmake.task.cmake.build:Building CMake package in '/home/thuong/amr_ws/src/rplidar_ros'
[0.387s] INFO:colcon.colcon_core.shell:Skip shell extension 'powershell' for command environment: Not usable outside of PowerShell
[0.387s] DEBUG:colcon.colcon_core.shell:Skip shell extension 'dsv' for command environment
[0.396s] DEBUG:colcon.colcon_core.event_handler.log_command:Invoking command in '/home/thuong/amr_ws/build/amr_bringup': CMAKE_PREFIX_PATH=${CMAKE_PREFIX_PATH}:/home/thuong/ros2_ws/install/agv_trajectory_tracking:/home/thuong/ros2_ws/install/agv_planner:/opt/ros/humble /usr/bin/cmake --build /home/thuong/amr_ws/build/amr_bringup -- -j12 -l12
[0.398s] DEBUG:colcon.colcon_core.event_handler.log_command:Invoking command in '/home/thuong/amr_ws/build/amr_descriptions': CMAKE_PREFIX_PATH=${CMAKE_PREFIX_PATH}:/home/thuong/ros2_ws/install/agv_trajectory_tracking:/home/thuong/ros2_ws/install/agv_planner:/opt/ros/humble /usr/bin/cmake --build /home/thuong/amr_ws/build/amr_descriptions -- -j12 -l12
[0.401s] DEBUG:colcon.colcon_core.event_handler.log_command:Invoking command in '/home/thuong/amr_ws/build/amr_localization': CMAKE_PREFIX_PATH=${CMAKE_PREFIX_PATH}:/home/thuong/ros2_ws/install/agv_trajectory_tracking:/home/thuong/ros2_ws/install/agv_planner:/opt/ros/humble /usr/bin/cmake --build /home/thuong/amr_ws/build/amr_localization -- -j12 -l12
[0.404s] DEBUG:colcon.colcon_core.event_handler.log_command:Invoking command in '/home/thuong/amr_ws/build/amr_mapping': CMAKE_PREFIX_PATH=${CMAKE_PREFIX_PATH}:/home/thuong/ros2_ws/install/agv_trajectory_tracking:/home/thuong/ros2_ws/install/agv_planner:/opt/ros/humble /usr/bin/cmake /home/thuong/amr_ws/src/amr_mapping -DCMAKE_INSTALL_PREFIX=/home/thuong/amr_ws/install/amr_mapping
[0.651s] INFO:colcon.colcon_core.task.python.build:Building Python package in '/home/thuong/amr_ws/src/amr_planner'
[0.652s] INFO:colcon.colcon_core.shell:Skip shell extension 'powershell' for command environment: Not usable outside of PowerShell
[0.652s] DEBUG:colcon.colcon_core.shell:Skip shell extension 'dsv' for command environment
[0.659s] DEBUG:colcon.colcon_core.event_handler.log_command:Invoking command in '/home/thuong/amr_ws/build/amr_teleop': CMAKE_PREFIX_PATH=${CMAKE_PREFIX_PATH}:/home/thuong/ros2_ws/install/agv_trajectory_tracking:/home/thuong/ros2_ws/install/agv_planner:/opt/ros/humble /usr/bin/cmake --build /home/thuong/amr_ws/build/amr_teleop -- -j12 -l12
[0.666s] DEBUG:colcon.colcon_core.event_handler.log_command:Invoking command in '/home/thuong/amr_ws/build/rplidar_ros': CMAKE_PREFIX_PATH=${CMAKE_PREFIX_PATH}:/home/thuong/ros2_ws/install/agv_trajectory_tracking:/home/thuong/ros2_ws/install/agv_planner:/opt/ros/humble /usr/bin/cmake --build /home/thuong/amr_ws/build/rplidar_ros -- -j12 -l12
[0.667s] DEBUG:colcon.colcon_core.event_handler.log_command:Invoked command in '/home/thuong/amr_ws/build/amr_bringup' returned '0': CMAKE_PREFIX_PATH=${CMAKE_PREFIX_PATH}:/home/thuong/ros2_ws/install/agv_trajectory_tracking:/home/thuong/ros2_ws/install/agv_planner:/opt/ros/humble /usr/bin/cmake --build /home/thuong/amr_ws/build/amr_bringup -- -j12 -l12
[0.676s] DEBUG:colcon.colcon_core.event_handler.log_command:Invoking command in '/home/thuong/amr_ws/build/amr_bringup': CMAKE_PREFIX_PATH=${CMAKE_PREFIX_PATH}:/home/thuong/ros2_ws/install/agv_trajectory_tracking:/home/thuong/ros2_ws/install/agv_planner:/opt/ros/humble /usr/bin/cmake --install /home/thuong/amr_ws/build/amr_bringup
[0.676s] DEBUG:colcon.colcon_core.event_handler.log_command:Invoked command in '/home/thuong/amr_ws/build/amr_descriptions' returned '0': CMAKE_PREFIX_PATH=${CMAKE_PREFIX_PATH}:/home/thuong/ros2_ws/install/agv_trajectory_tracking:/home/thuong/ros2_ws/install/agv_planner:/opt/ros/humble /usr/bin/cmake --build /home/thuong/amr_ws/build/amr_descriptions -- -j12 -l12
[0.678s] DEBUG:colcon.colcon_core.event_handler.log_command:Invoking command in '/home/thuong/amr_ws/build/amr_descriptions': CMAKE_PREFIX_PATH=${CMAKE_PREFIX_PATH}:/home/thuong/ros2_ws/install/agv_trajectory_tracking:/home/thuong/ros2_ws/install/agv_planner:/opt/ros/humble /usr/bin/cmake --install /home/thuong/amr_ws/build/amr_descriptions
[0.687s] Level 1:colcon.colcon_core.environment:create_environment_scripts_only(amr_bringup)
[0.688s] DEBUG:colcon.colcon_core.event_handler.log_command:Invoked command in '/home/thuong/amr_ws/build/amr_bringup' returned '0': CMAKE_PREFIX_PATH=${CMAKE_PREFIX_PATH}:/home/thuong/ros2_ws/install/agv_trajectory_tracking:/home/thuong/ros2_ws/install/agv_planner:/opt/ros/humble /usr/bin/cmake --install /home/thuong/amr_ws/build/amr_bringup
[0.696s] Level 1:colcon.colcon_core.environment:checking '/home/thuong/amr_ws/install/amr_bringup' for CMake module files
[0.698s] Level 1:colcon.colcon_core.environment:checking '/home/thuong/amr_ws/install/amr_bringup' for CMake config files
[0.699s] Level 1:colcon.colcon_core.shell:create_environment_hook('amr_bringup', 'cmake_prefix_path')
[0.700s] INFO:colcon.colcon_core.shell:Creating environment hook '/home/thuong/amr_ws/install/amr_bringup/share/amr_bringup/hook/cmake_prefix_path.ps1'
[0.701s] INFO:colcon.colcon_core.shell:Creating environment descriptor '/home/thuong/amr_ws/install/amr_bringup/share/amr_bringup/hook/cmake_prefix_path.dsv'
[0.702s] INFO:colcon.colcon_core.shell:Creating environment hook '/home/thuong/amr_ws/install/amr_bringup/share/amr_bringup/hook/cmake_prefix_path.sh'
[0.703s] Level 1:colcon.colcon_core.environment:checking '/home/thuong/amr_ws/install/amr_bringup/bin'
[0.704s] Level 1:colcon.colcon_core.environment:checking '/home/thuong/amr_ws/install/amr_bringup/lib/pkgconfig/amr_bringup.pc'
[0.704s] Level 1:colcon.colcon_core.environment:checking '/home/thuong/amr_ws/install/amr_bringup/lib/python3.10/site-packages'
[0.704s] Level 1:colcon.colcon_core.environment:checking '/home/thuong/amr_ws/install/amr_bringup/bin'
[0.705s] INFO:colcon.colcon_core.shell:Creating package script '/home/thuong/amr_ws/install/amr_bringup/share/amr_bringup/package.ps1'
[0.706s] INFO:colcon.colcon_core.shell:Creating package descriptor '/home/thuong/amr_ws/install/amr_bringup/share/amr_bringup/package.dsv'
[0.708s] INFO:colcon.colcon_core.shell:Creating package script '/home/thuong/amr_ws/install/amr_bringup/share/amr_bringup/package.sh'
[0.709s] INFO:colcon.colcon_core.shell:Creating package script '/home/thuong/amr_ws/install/amr_bringup/share/amr_bringup/package.bash'
[0.711s] INFO:colcon.colcon_core.shell:Creating package script '/home/thuong/amr_ws/install/amr_bringup/share/amr_bringup/package.zsh'
[0.713s] Level 1:colcon.colcon_core.environment:create_file_with_runtime_dependencies(/home/thuong/amr_ws/install/amr_bringup/share/colcon-core/packages/amr_bringup)
[0.715s] Level 1:colcon.colcon_core.environment:create_environment_scripts_only(amr_bringup)
[0.715s] Level 1:colcon.colcon_core.environment:checking '/home/thuong/amr_ws/install/amr_bringup' for CMake module files
[0.717s] Level 1:colcon.colcon_core.environment:checking '/home/thuong/amr_ws/install/amr_bringup' for CMake config files
[0.717s] Level 1:colcon.colcon_core.shell:create_environment_hook('amr_bringup', 'cmake_prefix_path')
[0.717s] INFO:colcon.colcon_core.shell:Creating environment hook '/home/thuong/amr_ws/install/amr_bringup/share/amr_bringup/hook/cmake_prefix_path.ps1'
[0.718s] INFO:colcon.colcon_core.shell:Creating environment descriptor '/home/thuong/amr_ws/install/amr_bringup/share/amr_bringup/hook/cmake_prefix_path.dsv'
[0.719s] INFO:colcon.colcon_core.shell:Creating environment hook '/home/thuong/amr_ws/install/amr_bringup/share/amr_bringup/hook/cmake_prefix_path.sh'
[0.720s] Level 1:colcon.colcon_core.environment:checking '/home/thuong/amr_ws/install/amr_bringup/bin'
[0.720s] Level 1:colcon.colcon_core.environment:checking '/home/thuong/amr_ws/install/amr_bringup/lib/pkgconfig/amr_bringup.pc'
[0.721s] Level 1:colcon.colcon_core.environment:checking '/home/thuong/amr_ws/install/amr_bringup/lib/python3.10/site-packages'
[0.721s] Level 1:colcon.colcon_core.environment:checking '/home/thuong/amr_ws/install/amr_bringup/bin'
[0.722s] INFO:colcon.colcon_core.shell:Creating package script '/home/thuong/amr_ws/install/amr_bringup/share/amr_bringup/package.ps1'
[0.722s] INFO:colcon.colcon_core.shell:Creating package descriptor '/home/thuong/amr_ws/install/amr_bringup/share/amr_bringup/package.dsv'
[0.723s] INFO:colcon.colcon_core.shell:Creating package script '/home/thuong/amr_ws/install/amr_bringup/share/amr_bringup/package.sh'
[0.724s] INFO:colcon.colcon_core.shell:Creating package script '/home/thuong/amr_ws/install/amr_bringup/share/amr_bringup/package.bash'
[0.725s] INFO:colcon.colcon_core.shell:Creating package script '/home/thuong/amr_ws/install/amr_bringup/share/amr_bringup/package.zsh'
[0.726s] Level 1:colcon.colcon_core.environment:create_file_with_runtime_dependencies(/home/thuong/amr_ws/install/amr_bringup/share/colcon-core/packages/amr_bringup)
[0.795s] DEBUG:colcon.colcon_core.event_handler.log_command:Invoked command in '/home/thuong/amr_ws/build/amr_localization' returned '0': CMAKE_PREFIX_PATH=${CMAKE_PREFIX_PATH}:/home/thuong/ros2_ws/install/agv_trajectory_tracking:/home/thuong/ros2_ws/install/agv_planner:/opt/ros/humble /usr/bin/cmake --build /home/thuong/amr_ws/build/amr_localization -- -j12 -l12
[0.802s] DEBUG:colcon.colcon_core.event_handler.log_command:Invoking command in '/home/thuong/amr_ws/build/amr_localization': CMAKE_PREFIX_PATH=${CMAKE_PREFIX_PATH}:/home/thuong/ros2_ws/install/agv_trajectory_tracking:/home/thuong/ros2_ws/install/agv_planner:/opt/ros/humble /usr/bin/cmake --install /home/thuong/amr_ws/build/amr_localization
[1.028s] Level 1:colcon.colcon_core.environment:create_environment_scripts_only(amr_localization)
[1.029s] Level 1:colcon.colcon_core.environment:checking '/home/thuong/amr_ws/install/amr_localization' for CMake module files
[1.030s] Level 1:colcon.colcon_core.environment:checking '/home/thuong/amr_ws/install/amr_localization' for CMake config files
[1.030s] Level 1:colcon.colcon_core.shell:create_environment_hook('amr_localization', 'cmake_prefix_path')
[1.031s] INFO:colcon.colcon_core.shell:Creating environment hook '/home/thuong/amr_ws/install/amr_localization/share/amr_localization/hook/cmake_prefix_path.ps1'
[1.032s] INFO:colcon.colcon_core.shell:Creating environment descriptor '/home/thuong/amr_ws/install/amr_localization/share/amr_localization/hook/cmake_prefix_path.dsv'
[1.033s] INFO:colcon.colcon_core.shell:Creating environment hook '/home/thuong/amr_ws/install/amr_localization/share/amr_localization/hook/cmake_prefix_path.sh'
[1.037s] Level 1:colcon.colcon_core.environment:checking '/home/thuong/amr_ws/install/amr_localization/lib'
[1.037s] Level 1:colcon.colcon_core.environment:checking '/home/thuong/amr_ws/install/amr_localization/bin'
[1.037s] Level 1:colcon.colcon_core.environment:checking '/home/thuong/amr_ws/install/amr_localization/lib/pkgconfig/amr_localization.pc'
[1.038s] Level 1:colcon.colcon_core.environment:checking '/home/thuong/amr_ws/install/amr_localization/lib/python3.10/site-packages'
[1.038s] Level 1:colcon.colcon_core.environment:checking '/home/thuong/amr_ws/install/amr_localization/bin'
[1.039s] DEBUG:colcon.colcon_core.event_handler.log_command:Invoked command in '/home/thuong/amr_ws/build/amr_localization' returned '0': CMAKE_PREFIX_PATH=${CMAKE_PREFIX_PATH}:/home/thuong/ros2_ws/install/agv_trajectory_tracking:/home/thuong/ros2_ws/install/agv_planner:/opt/ros/humble /usr/bin/cmake --install /home/thuong/amr_ws/build/amr_localization
[1.043s] INFO:colcon.colcon_core.shell:Creating package script '/home/thuong/amr_ws/install/amr_localization/share/amr_localization/package.ps1'
[1.044s] INFO:colcon.colcon_core.shell:Creating package descriptor '/home/thuong/amr_ws/install/amr_localization/share/amr_localization/package.dsv'
[1.044s] INFO:colcon.colcon_core.shell:Creating package script '/home/thuong/amr_ws/install/amr_localization/share/amr_localization/package.sh'
[1.045s] INFO:colcon.colcon_core.shell:Creating package script '/home/thuong/amr_ws/install/amr_localization/share/amr_localization/package.bash'
[1.045s] INFO:colcon.colcon_core.shell:Creating package script '/home/thuong/amr_ws/install/amr_localization/share/amr_localization/package.zsh'
[1.046s] Level 1:colcon.colcon_core.environment:create_file_with_runtime_dependencies(/home/thuong/amr_ws/install/amr_localization/share/colcon-core/packages/amr_localization)
[1.051s] Level 1:colcon.colcon_core.environment:create_environment_scripts_only(amr_localization)
[1.051s] Level 1:colcon.colcon_core.environment:checking '/home/thuong/amr_ws/install/amr_localization' for CMake module files
[1.058s] Level 1:colcon.colcon_core.environment:checking '/home/thuong/amr_ws/install/amr_localization' for CMake config files
[1.059s] Level 1:colcon.colcon_core.shell:create_environment_hook('amr_localization', 'cmake_prefix_path')
[1.059s] INFO:colcon.colcon_core.shell:Creating environment hook '/home/thuong/amr_ws/install/amr_localization/share/amr_localization/hook/cmake_prefix_path.ps1'
[1.060s] INFO:colcon.colcon_core.shell:Creating environment descriptor '/home/thuong/amr_ws/install/amr_localization/share/amr_localization/hook/cmake_prefix_path.dsv'
[1.060s] INFO:colcon.colcon_core.shell:Creating environment hook '/home/thuong/amr_ws/install/amr_localization/share/amr_localization/hook/cmake_prefix_path.sh'
[1.071s] Level 1:colcon.colcon_core.environment:checking '/home/thuong/amr_ws/install/amr_localization/lib'
[1.071s] Level 1:colcon.colcon_core.environment:checking '/home/thuong/amr_ws/install/amr_localization/bin'
[1.072s] Level 1:colcon.colcon_core.environment:checking '/home/thuong/amr_ws/install/amr_localization/lib/pkgconfig/amr_localization.pc'
[1.072s] Level 1:colcon.colcon_core.environment:checking '/home/thuong/amr_ws/install/amr_localization/lib/python3.10/site-packages'
[1.072s] Level 1:colcon.colcon_core.environment:checking '/home/thuong/amr_ws/install/amr_localization/bin'
[1.073s] INFO:colcon.colcon_core.shell:Creating package script '/home/thuong/amr_ws/install/amr_localization/share/amr_localization/package.ps1'
[1.074s] INFO:colcon.colcon_core.shell:Creating package descriptor '/home/thuong/amr_ws/install/amr_localization/share/amr_localization/package.dsv'
[1.074s] INFO:colcon.colcon_core.shell:Creating package script '/home/thuong/amr_ws/install/amr_localization/share/amr_localization/package.sh'
[1.077s] INFO:colcon.colcon_core.shell:Creating package script '/home/thuong/amr_ws/install/amr_localization/share/amr_localization/package.bash'
[1.078s] INFO:colcon.colcon_core.shell:Creating package script '/home/thuong/amr_ws/install/amr_localization/share/amr_localization/package.zsh'
[1.079s] Level 1:colcon.colcon_core.environment:create_file_with_runtime_dependencies(/home/thuong/amr_ws/install/amr_localization/share/colcon-core/packages/amr_localization)
[1.085s] Level 1:colcon.colcon_core.environment:create_environment_scripts_only(amr_descriptions)
[1.085s] Level 1:colcon.colcon_core.environment:checking '/home/thuong/amr_ws/install/amr_descriptions' for CMake module files
[1.086s] Level 1:colcon.colcon_core.environment:checking '/home/thuong/amr_ws/install/amr_descriptions' for CMake config files
[1.087s] Level 1:colcon.colcon_core.shell:create_environment_hook('amr_descriptions', 'cmake_prefix_path')
[1.087s] INFO:colcon.colcon_core.shell:Creating environment hook '/home/thuong/amr_ws/install/amr_descriptions/share/amr_descriptions/hook/cmake_prefix_path.ps1'
[1.088s] INFO:colcon.colcon_core.shell:Creating environment descriptor '/home/thuong/amr_ws/install/amr_descriptions/share/amr_descriptions/hook/cmake_prefix_path.dsv'
[1.088s] INFO:colcon.colcon_core.shell:Creating environment hook '/home/thuong/amr_ws/install/amr_descriptions/share/amr_descriptions/hook/cmake_prefix_path.sh'
[1.094s] DEBUG:colcon.colcon_core.event_handler.log_command:Invoked command in '/home/thuong/amr_ws/build/amr_descriptions' returned '0': CMAKE_PREFIX_PATH=${CMAKE_PREFIX_PATH}:/home/thuong/ros2_ws/install/agv_trajectory_tracking:/home/thuong/ros2_ws/install/agv_planner:/opt/ros/humble /usr/bin/cmake --install /home/thuong/amr_ws/build/amr_descriptions
[1.095s] Level 1:colcon.colcon_core.environment:checking '/home/thuong/amr_ws/install/amr_descriptions/bin'
[1.095s] Level 1:colcon.colcon_core.environment:checking '/home/thuong/amr_ws/install/amr_descriptions/lib/pkgconfig/amr_descriptions.pc'
[1.095s] Level 1:colcon.colcon_core.environment:checking '/home/thuong/amr_ws/install/amr_descriptions/lib/python3.10/site-packages'
[1.096s] Level 1:colcon.colcon_core.environment:checking '/home/thuong/amr_ws/install/amr_descriptions/bin'
[1.096s] INFO:colcon.colcon_core.shell:Creating package script '/home/thuong/amr_ws/install/amr_descriptions/share/amr_descriptions/package.ps1'
[1.097s] INFO:colcon.colcon_core.shell:Creating package descriptor '/home/thuong/amr_ws/install/amr_descriptions/share/amr_descriptions/package.dsv'
[1.097s] INFO:colcon.colcon_core.shell:Creating package script '/home/thuong/amr_ws/install/amr_descriptions/share/amr_descriptions/package.sh'
[1.098s] INFO:colcon.colcon_core.shell:Creating package script '/home/thuong/amr_ws/install/amr_descriptions/share/amr_descriptions/package.bash'
[1.099s] INFO:colcon.colcon_core.shell:Creating package script '/home/thuong/amr_ws/install/amr_descriptions/share/amr_descriptions/package.zsh'
[1.099s] Level 1:colcon.colcon_core.environment:create_file_with_runtime_dependencies(/home/thuong/amr_ws/install/amr_descriptions/share/colcon-core/packages/amr_descriptions)
[1.100s] Level 1:colcon.colcon_core.environment:create_environment_scripts_only(amr_descriptions)
[1.101s] Level 1:colcon.colcon_core.environment:checking '/home/thuong/amr_ws/install/amr_descriptions' for CMake module files
[1.102s] Level 1:colcon.colcon_core.environment:checking '/home/thuong/amr_ws/install/amr_descriptions' for CMake config files
[1.102s] Level 1:colcon.colcon_core.shell:create_environment_hook('amr_descriptions', 'cmake_prefix_path')
[1.103s] INFO:colcon.colcon_core.shell:Creating environment hook '/home/thuong/amr_ws/install/amr_descriptions/share/amr_descriptions/hook/cmake_prefix_path.ps1'
[1.103s] INFO:colcon.colcon_core.shell:Creating environment descriptor '/home/thuong/amr_ws/install/amr_descriptions/share/amr_descriptions/hook/cmake_prefix_path.dsv'
[1.104s] INFO:colcon.colcon_core.shell:Creating environment hook '/home/thuong/amr_ws/install/amr_descriptions/share/amr_descriptions/hook/cmake_prefix_path.sh'
[1.104s] Level 1:colcon.colcon_core.environment:checking '/home/thuong/amr_ws/install/amr_descriptions/bin'
[1.104s] Level 1:colcon.colcon_core.environment:checking '/home/thuong/amr_ws/install/amr_descriptions/lib/pkgconfig/amr_descriptions.pc'
[1.105s] Level 1:colcon.colcon_core.environment:checking '/home/thuong/amr_ws/install/amr_descriptions/lib/python3.10/site-packages'
[1.106s] Level 1:colcon.colcon_core.environment:checking '/home/thuong/amr_ws/install/amr_descriptions/bin'
[1.106s] INFO:colcon.colcon_core.shell:Creating package script '/home/thuong/amr_ws/install/amr_descriptions/share/amr_descriptions/package.ps1'
[1.107s] INFO:colcon.colcon_core.shell:Creating package descriptor '/home/thuong/amr_ws/install/amr_descriptions/share/amr_descriptions/package.dsv'
[1.108s] INFO:colcon.colcon_core.shell:Creating package script '/home/thuong/amr_ws/install/amr_descriptions/share/amr_descriptions/package.sh'
[1.108s] INFO:colcon.colcon_core.shell:Creating package script '/home/thuong/amr_ws/install/amr_descriptions/share/amr_descriptions/package.bash'
[1.109s] INFO:colcon.colcon_core.shell:Creating package script '/home/thuong/amr_ws/install/amr_descriptions/share/amr_descriptions/package.zsh'
[1.110s] Level 1:colcon.colcon_core.environment:create_file_with_runtime_dependencies(/home/thuong/amr_ws/install/amr_descriptions/share/colcon-core/packages/amr_descriptions)
[1.592s] DEBUG:colcon.colcon_core.event_handler.log_command:Invoked command in '/home/thuong/amr_ws/build/amr_mapping' returned '0': CMAKE_PREFIX_PATH=${CMAKE_PREFIX_PATH}:/home/thuong/ros2_ws/install/agv_trajectory_tracking:/home/thuong/ros2_ws/install/agv_planner:/opt/ros/humble /usr/bin/cmake /home/thuong/amr_ws/src/amr_mapping -DCMAKE_INSTALL_PREFIX=/home/thuong/amr_ws/install/amr_mapping
[1.597s] DEBUG:colcon.colcon_core.event_handler.log_command:Invoking command in '/home/thuong/amr_ws/build/amr_mapping': CMAKE_PREFIX_PATH=${CMAKE_PREFIX_PATH}:/home/thuong/ros2_ws/install/agv_trajectory_tracking:/home/thuong/ros2_ws/install/agv_planner:/opt/ros/humble /usr/bin/cmake --build /home/thuong/amr_ws/build/amr_mapping -- -j12 -l12
[1.753s] DEBUG:colcon.colcon_core.event_handler.log_command:Invoked command in '/home/thuong/amr_ws/build/amr_mapping' returned '0': CMAKE_PREFIX_PATH=${CMAKE_PREFIX_PATH}:/home/thuong/ros2_ws/install/agv_trajectory_tracking:/home/thuong/ros2_ws/install/agv_planner:/opt/ros/humble /usr/bin/cmake --build /home/thuong/amr_ws/build/amr_mapping -- -j12 -l12
[1.754s] DEBUG:colcon.colcon_core.event_handler.log_command:Invoking command in '/home/thuong/amr_ws/build/amr_mapping': CMAKE_PREFIX_PATH=${CMAKE_PREFIX_PATH}:/home/thuong/ros2_ws/install/agv_trajectory_tracking:/home/thuong/ros2_ws/install/agv_planner:/opt/ros/humble /usr/bin/cmake --install /home/thuong/amr_ws/build/amr_mapping
[1.804s] Level 1:colcon.colcon_core.environment:create_environment_scripts_only(amr_mapping)
[1.804s] Level 1:colcon.colcon_core.environment:checking '/home/thuong/amr_ws/install/amr_mapping' for CMake module files
[1.805s] Level 1:colcon.colcon_core.environment:checking '/home/thuong/amr_ws/install/amr_mapping' for CMake config files
[1.806s] Level 1:colcon.colcon_core.shell:create_environment_hook('amr_mapping', 'cmake_prefix_path')
[1.806s] INFO:colcon.colcon_core.shell:Creating environment hook '/home/thuong/amr_ws/install/amr_mapping/share/amr_mapping/hook/cmake_prefix_path.ps1'
[1.812s] INFO:colcon.colcon_core.shell:Creating environment descriptor '/home/thuong/amr_ws/install/amr_mapping/share/amr_mapping/hook/cmake_prefix_path.dsv'
[1.813s] DEBUG:colcon.colcon_core.event_handler.log_command:Invoked command in '/home/thuong/amr_ws/build/amr_mapping' returned '0': CMAKE_PREFIX_PATH=${CMAKE_PREFIX_PATH}:/home/thuong/ros2_ws/install/agv_trajectory_tracking:/home/thuong/ros2_ws/install/agv_planner:/opt/ros/humble /usr/bin/cmake --install /home/thuong/amr_ws/build/amr_mapping
[1.814s] INFO:colcon.colcon_core.shell:Creating environment hook '/home/thuong/amr_ws/install/amr_mapping/share/amr_mapping/hook/cmake_prefix_path.sh'
[1.815s] Level 1:colcon.colcon_core.environment:checking '/home/thuong/amr_ws/install/amr_mapping/bin'
[1.815s] Level 1:colcon.colcon_core.environment:checking '/home/thuong/amr_ws/install/amr_mapping/lib/pkgconfig/amr_mapping.pc'
[1.815s] Level 1:colcon.colcon_core.environment:checking '/home/thuong/amr_ws/install/amr_mapping/lib/python3.10/site-packages'
[1.819s] Level 1:colcon.colcon_core.environment:checking '/home/thuong/amr_ws/install/amr_mapping/bin'
[1.820s] INFO:colcon.colcon_core.shell:Creating package script '/home/thuong/amr_ws/install/amr_mapping/share/amr_mapping/package.ps1'
[1.821s] INFO:colcon.colcon_core.shell:Creating package descriptor '/home/thuong/amr_ws/install/amr_mapping/share/amr_mapping/package.dsv'
[1.826s] INFO:colcon.colcon_core.shell:Creating package script '/home/thuong/amr_ws/install/amr_mapping/share/amr_mapping/package.sh'
[1.827s] INFO:colcon.colcon_core.shell:Creating package script '/home/thuong/amr_ws/install/amr_mapping/share/amr_mapping/package.bash'
[1.827s] INFO:colcon.colcon_core.shell:Creating package script '/home/thuong/amr_ws/install/amr_mapping/share/amr_mapping/package.zsh'
[1.828s] Level 1:colcon.colcon_core.environment:create_file_with_runtime_dependencies(/home/thuong/amr_ws/install/amr_mapping/share/colcon-core/packages/amr_mapping)
[1.830s] Level 1:colcon.colcon_core.environment:create_environment_scripts_only(amr_mapping)
[1.834s] Level 1:colcon.colcon_core.environment:checking '/home/thuong/amr_ws/install/amr_mapping' for CMake module files
[1.835s] Level 1:colcon.colcon_core.environment:checking '/home/thuong/amr_ws/install/amr_mapping' for CMake config files
[1.836s] Level 1:colcon.colcon_core.shell:create_environment_hook('amr_mapping', 'cmake_prefix_path')
[1.837s] INFO:colcon.colcon_core.shell:Creating environment hook '/home/thuong/amr_ws/install/amr_mapping/share/amr_mapping/hook/cmake_prefix_path.ps1'
[1.839s] INFO:colcon.colcon_core.shell:Creating environment descriptor '/home/thuong/amr_ws/install/amr_mapping/share/amr_mapping/hook/cmake_prefix_path.dsv'
[1.842s] INFO:colcon.colcon_core.shell:Creating environment hook '/home/thuong/amr_ws/install/amr_mapping/share/amr_mapping/hook/cmake_prefix_path.sh'
[1.843s] Level 1:colcon.colcon_core.environment:checking '/home/thuong/amr_ws/install/amr_mapping/bin'
[1.843s] Level 1:colcon.colcon_core.environment:checking '/home/thuong/amr_ws/install/amr_mapping/lib/pkgconfig/amr_mapping.pc'
[1.844s] Level 1:colcon.colcon_core.environment:checking '/home/thuong/amr_ws/install/amr_mapping/lib/python3.10/site-packages'
[1.845s] Level 1:colcon.colcon_core.environment:checking '/home/thuong/amr_ws/install/amr_mapping/bin'
[1.849s] INFO:colcon.colcon_core.shell:Creating package script '/home/thuong/amr_ws/install/amr_mapping/share/amr_mapping/package.ps1'
[1.851s] INFO:colcon.colcon_core.shell:Creating package descriptor '/home/thuong/amr_ws/install/amr_mapping/share/amr_mapping/package.dsv'
[1.852s] INFO:colcon.colcon_core.shell:Creating package script '/home/thuong/amr_ws/install/amr_mapping/share/amr_mapping/package.sh'
[1.857s] INFO:colcon.colcon_core.shell:Creating package script '/home/thuong/amr_ws/install/amr_mapping/share/amr_mapping/package.bash'
[1.858s] INFO:colcon.colcon_core.shell:Creating package script '/home/thuong/amr_ws/install/amr_mapping/share/amr_mapping/package.zsh'
[1.859s] Level 1:colcon.colcon_core.environment:create_file_with_runtime_dependencies(/home/thuong/amr_ws/install/amr_mapping/share/colcon-core/packages/amr_mapping)
[1.871s] DEBUG:colcon.colcon_core.event_handler.log_command:Invoking command in '/home/thuong/amr_ws/src/amr_planner': PYTHONPATH=/home/thuong/amr_ws/build/amr_planner/prefix_override:/usr/lib/python3/dist-packages/colcon_core/task/python/colcon_distutils_commands:/home/thuong/amr_ws/install/amr_planner/lib/python3.10/site-packages:${PYTHONPATH} /usr/bin/python3 -W ignore:setup.py install is deprecated -W ignore:easy_install command is deprecated setup.py egg_info --egg-base ../../build/amr_planner build --build-base /home/thuong/amr_ws/build/amr_planner/build install --record /home/thuong/amr_ws/build/amr_planner/install.log --single-version-externally-managed install_data
[2.814s] Level 1:colcon.colcon_core.environment:checking '/home/thuong/amr_ws/install/amr_planner' for CMake module files
[2.815s] Level 1:colcon.colcon_core.environment:checking '/home/thuong/amr_ws/install/amr_planner' for CMake config files
[2.816s] Level 1:colcon.colcon_core.environment:checking '/home/thuong/amr_ws/install/amr_planner/lib'
[2.818s] DEBUG:colcon.colcon_core.event_handler.log_command:Invoked command in '/home/thuong/amr_ws/src/amr_planner' returned '0': PYTHONPATH=/home/thuong/amr_ws/build/amr_planner/prefix_override:/usr/lib/python3/dist-packages/colcon_core/task/python/colcon_distutils_commands:/home/thuong/amr_ws/install/amr_planner/lib/python3.10/site-packages:${PYTHONPATH} /usr/bin/python3 -W ignore:setup.py install is deprecated -W ignore:easy_install command is deprecated setup.py egg_info --egg-base ../../build/amr_planner build --build-base /home/thuong/amr_ws/build/amr_planner/build install --record /home/thuong/amr_ws/build/amr_planner/install.log --single-version-externally-managed install_data
[2.818s] Level 1:colcon.colcon_core.environment:checking '/home/thuong/amr_ws/install/amr_planner/bin'
[2.818s] Level 1:colcon.colcon_core.environment:checking '/home/thuong/amr_ws/install/amr_planner/lib/pkgconfig/amr_planner.pc'
[2.819s] Level 1:colcon.colcon_core.environment:checking '/home/thuong/amr_ws/install/amr_planner/lib/python3.10/site-packages'
[2.819s] Level 1:colcon.colcon_core.shell:create_environment_hook('amr_planner', 'pythonpath')
[2.820s] INFO:colcon.colcon_core.shell:Creating environment hook '/home/thuong/amr_ws/install/amr_planner/share/amr_planner/hook/pythonpath.ps1'
[2.821s] INFO:colcon.colcon_core.shell:Creating environment descriptor '/home/thuong/amr_ws/install/amr_planner/share/amr_planner/hook/pythonpath.dsv'
[2.821s] INFO:colcon.colcon_core.shell:Creating environment hook '/home/thuong/amr_ws/install/amr_planner/share/amr_planner/hook/pythonpath.sh'
[2.823s] Level 1:colcon.colcon_core.environment:checking '/home/thuong/amr_ws/install/amr_planner/bin'
[2.823s] Level 1:colcon.colcon_core.environment:create_environment_scripts_only(amr_planner)
[2.823s] INFO:colcon.colcon_core.shell:Creating package script '/home/thuong/amr_ws/install/amr_planner/share/amr_planner/package.ps1'
[2.824s] INFO:colcon.colcon_core.shell:Creating package descriptor '/home/thuong/amr_ws/install/amr_planner/share/amr_planner/package.dsv'
[2.825s] INFO:colcon.colcon_core.shell:Creating package script '/home/thuong/amr_ws/install/amr_planner/share/amr_planner/package.sh'
[2.826s] INFO:colcon.colcon_core.shell:Creating package script '/home/thuong/amr_ws/install/amr_planner/share/amr_planner/package.bash'
[2.827s] INFO:colcon.colcon_core.shell:Creating package script '/home/thuong/amr_ws/install/amr_planner/share/amr_planner/package.zsh'
[2.828s] Level 1:colcon.colcon_core.environment:create_file_with_runtime_dependencies(/home/thuong/amr_ws/install/amr_planner/share/colcon-core/packages/amr_planner)
[7.388s] DEBUG:colcon.colcon_core.event_handler.log_command:Invoked command in '/home/thuong/amr_ws/build/amr_teleop' returned '0': CMAKE_PREFIX_PATH=${CMAKE_PREFIX_PATH}:/home/thuong/ros2_ws/install/agv_trajectory_tracking:/home/thuong/ros2_ws/install/agv_planner:/opt/ros/humble /usr/bin/cmake --build /home/thuong/amr_ws/build/amr_teleop -- -j12 -l12
[7.390s] DEBUG:colcon.colcon_core.event_handler.log_command:Invoking command in '/home/thuong/amr_ws/build/amr_teleop': CMAKE_PREFIX_PATH=${CMAKE_PREFIX_PATH}:/home/thuong/ros2_ws/install/agv_trajectory_tracking:/home/thuong/ros2_ws/install/agv_planner:/opt/ros/humble /usr/bin/cmake --install /home/thuong/amr_ws/build/amr_teleop
[7.405s] Level 1:colcon.colcon_core.environment:create_environment_scripts_only(amr_teleop)
[7.405s] Level 1:colcon.colcon_core.environment:checking '/home/thuong/amr_ws/install/amr_teleop' for CMake module files
[7.406s] DEBUG:colcon.colcon_core.event_handler.log_command:Invoked command in '/home/thuong/amr_ws/build/amr_teleop' returned '0': CMAKE_PREFIX_PATH=${CMAKE_PREFIX_PATH}:/home/thuong/ros2_ws/install/agv_trajectory_tracking:/home/thuong/ros2_ws/install/agv_planner:/opt/ros/humble /usr/bin/cmake --install /home/thuong/amr_ws/build/amr_teleop
[7.406s] Level 1:colcon.colcon_core.environment:checking '/home/thuong/amr_ws/install/amr_teleop' for CMake config files
[7.407s] Level 1:colcon.colcon_core.shell:create_environment_hook('amr_teleop', 'cmake_prefix_path')
[7.407s] INFO:colcon.colcon_core.shell:Creating environment hook '/home/thuong/amr_ws/install/amr_teleop/share/amr_teleop/hook/cmake_prefix_path.ps1'
[7.407s] INFO:colcon.colcon_core.shell:Creating environment descriptor '/home/thuong/amr_ws/install/amr_teleop/share/amr_teleop/hook/cmake_prefix_path.dsv'
[7.408s] INFO:colcon.colcon_core.shell:Creating environment hook '/home/thuong/amr_ws/install/amr_teleop/share/amr_teleop/hook/cmake_prefix_path.sh'
[7.408s] Level 1:colcon.colcon_core.environment:checking '/home/thuong/amr_ws/install/amr_teleop/lib'
[7.408s] Level 1:colcon.colcon_core.environment:checking '/home/thuong/amr_ws/install/amr_teleop/bin'
[7.408s] Level 1:colcon.colcon_core.environment:checking '/home/thuong/amr_ws/install/amr_teleop/lib/pkgconfig/amr_teleop.pc'
[7.408s] Level 1:colcon.colcon_core.environment:checking '/home/thuong/amr_ws/install/amr_teleop/lib/python3.10/site-packages'
[7.409s] Level 1:colcon.colcon_core.environment:checking '/home/thuong/amr_ws/install/amr_teleop/bin'
[7.409s] INFO:colcon.colcon_core.shell:Creating package script '/home/thuong/amr_ws/install/amr_teleop/share/amr_teleop/package.ps1'
[7.409s] INFO:colcon.colcon_core.shell:Creating package descriptor '/home/thuong/amr_ws/install/amr_teleop/share/amr_teleop/package.dsv'
[7.410s] INFO:colcon.colcon_core.shell:Creating package script '/home/thuong/amr_ws/install/amr_teleop/share/amr_teleop/package.sh'
[7.410s] INFO:colcon.colcon_core.shell:Creating package script '/home/thuong/amr_ws/install/amr_teleop/share/amr_teleop/package.bash'
[7.410s] INFO:colcon.colcon_core.shell:Creating package script '/home/thuong/amr_ws/install/amr_teleop/share/amr_teleop/package.zsh'
[7.411s] Level 1:colcon.colcon_core.environment:create_file_with_runtime_dependencies(/home/thuong/amr_ws/install/amr_teleop/share/colcon-core/packages/amr_teleop)
[7.411s] Level 1:colcon.colcon_core.environment:create_environment_scripts_only(amr_teleop)
[7.411s] Level 1:colcon.colcon_core.environment:checking '/home/thuong/amr_ws/install/amr_teleop' for CMake module files
[7.412s] Level 1:colcon.colcon_core.environment:checking '/home/thuong/amr_ws/install/amr_teleop' for CMake config files
[7.412s] Level 1:colcon.colcon_core.shell:create_environment_hook('amr_teleop', 'cmake_prefix_path')
[7.412s] INFO:colcon.colcon_core.shell:Creating environment hook '/home/thuong/amr_ws/install/amr_teleop/share/amr_teleop/hook/cmake_prefix_path.ps1'
[7.413s] INFO:colcon.colcon_core.shell:Creating environment descriptor '/home/thuong/amr_ws/install/amr_teleop/share/amr_teleop/hook/cmake_prefix_path.dsv'
[7.413s] INFO:colcon.colcon_core.shell:Creating environment hook '/home/thuong/amr_ws/install/amr_teleop/share/amr_teleop/hook/cmake_prefix_path.sh'
[7.413s] Level 1:colcon.colcon_core.environment:checking '/home/thuong/amr_ws/install/amr_teleop/lib'
[7.414s] Level 1:colcon.colcon_core.environment:checking '/home/thuong/amr_ws/install/amr_teleop/bin'
[7.414s] Level 1:colcon.colcon_core.environment:checking '/home/thuong/amr_ws/install/amr_teleop/lib/pkgconfig/amr_teleop.pc'
[7.414s] Level 1:colcon.colcon_core.environment:checking '/home/thuong/amr_ws/install/amr_teleop/lib/python3.10/site-packages'
[7.414s] Level 1:colcon.colcon_core.environment:checking '/home/thuong/amr_ws/install/amr_teleop/bin'
[7.414s] INFO:colcon.colcon_core.shell:Creating package script '/home/thuong/amr_ws/install/amr_teleop/share/amr_teleop/package.ps1'
[7.415s] INFO:colcon.colcon_core.shell:Creating package descriptor '/home/thuong/amr_ws/install/amr_teleop/share/amr_teleop/package.dsv'
[7.415s] INFO:colcon.colcon_core.shell:Creating package script '/home/thuong/amr_ws/install/amr_teleop/share/amr_teleop/package.sh'
[7.416s] INFO:colcon.colcon_core.shell:Creating package script '/home/thuong/amr_ws/install/amr_teleop/share/amr_teleop/package.bash'
[7.416s] INFO:colcon.colcon_core.shell:Creating package script '/home/thuong/amr_ws/install/amr_teleop/share/amr_teleop/package.zsh'
[7.417s] Level 1:colcon.colcon_core.environment:create_file_with_runtime_dependencies(/home/thuong/amr_ws/install/amr_teleop/share/colcon-core/packages/amr_teleop)
[10.819s] DEBUG:colcon.colcon_core.event_handler.log_command:Invoked command in '/home/thuong/amr_ws/build/rplidar_ros' returned '0': CMAKE_PREFIX_PATH=${CMAKE_PREFIX_PATH}:/home/thuong/ros2_ws/install/agv_trajectory_tracking:/home/thuong/ros2_ws/install/agv_planner:/opt/ros/humble /usr/bin/cmake --build /home/thuong/amr_ws/build/rplidar_ros -- -j12 -l12
[10.821s] DEBUG:colcon.colcon_core.event_handler.log_command:Invoking command in '/home/thuong/amr_ws/build/rplidar_ros': CMAKE_PREFIX_PATH=${CMAKE_PREFIX_PATH}:/home/thuong/ros2_ws/install/agv_trajectory_tracking:/home/thuong/ros2_ws/install/agv_planner:/opt/ros/humble /usr/bin/cmake --install /home/thuong/amr_ws/build/rplidar_ros
[10.845s] Level 1:colcon.colcon_core.environment:create_environment_scripts_only(rplidar_ros)
[10.845s] Level 1:colcon.colcon_core.environment:checking '/home/thuong/amr_ws/install/rplidar_ros' for CMake module files
[10.845s] DEBUG:colcon.colcon_core.event_handler.log_command:Invoked command in '/home/thuong/amr_ws/build/rplidar_ros' returned '0': CMAKE_PREFIX_PATH=${CMAKE_PREFIX_PATH}:/home/thuong/ros2_ws/install/agv_trajectory_tracking:/home/thuong/ros2_ws/install/agv_planner:/opt/ros/humble /usr/bin/cmake --install /home/thuong/amr_ws/build/rplidar_ros
[10.846s] Level 1:colcon.colcon_core.environment:checking '/home/thuong/amr_ws/install/rplidar_ros' for CMake config files
[10.846s] Level 1:colcon.colcon_core.shell:create_environment_hook('rplidar_ros', 'cmake_prefix_path')
[10.846s] INFO:colcon.colcon_core.shell:Creating environment hook '/home/thuong/amr_ws/install/rplidar_ros/share/rplidar_ros/hook/cmake_prefix_path.ps1'
[10.846s] INFO:colcon.colcon_core.shell:Creating environment descriptor '/home/thuong/amr_ws/install/rplidar_ros/share/rplidar_ros/hook/cmake_prefix_path.dsv'
[10.847s] INFO:colcon.colcon_core.shell:Creating environment hook '/home/thuong/amr_ws/install/rplidar_ros/share/rplidar_ros/hook/cmake_prefix_path.sh'
[10.847s] Level 1:colcon.colcon_core.environment:checking '/home/thuong/amr_ws/install/rplidar_ros/lib'
[10.847s] Level 1:colcon.colcon_core.environment:checking '/home/thuong/amr_ws/install/rplidar_ros/bin'
[10.847s] Level 1:colcon.colcon_core.environment:checking '/home/thuong/amr_ws/install/rplidar_ros/lib/pkgconfig/rplidar_ros.pc'
[10.847s] Level 1:colcon.colcon_core.environment:checking '/home/thuong/amr_ws/install/rplidar_ros/lib/python3.10/site-packages'
[10.848s] Level 1:colcon.colcon_core.environment:checking '/home/thuong/amr_ws/install/rplidar_ros/bin'
[10.848s] INFO:colcon.colcon_core.shell:Creating package script '/home/thuong/amr_ws/install/rplidar_ros/share/rplidar_ros/package.ps1'
[10.848s] INFO:colcon.colcon_core.shell:Creating package descriptor '/home/thuong/amr_ws/install/rplidar_ros/share/rplidar_ros/package.dsv'
[10.849s] INFO:colcon.colcon_core.shell:Creating package script '/home/thuong/amr_ws/install/rplidar_ros/share/rplidar_ros/package.sh'
[10.849s] INFO:colcon.colcon_core.shell:Creating package script '/home/thuong/amr_ws/install/rplidar_ros/share/rplidar_ros/package.bash'
[10.849s] INFO:colcon.colcon_core.shell:Creating package script '/home/thuong/amr_ws/install/rplidar_ros/share/rplidar_ros/package.zsh'
[10.849s] Level 1:colcon.colcon_core.environment:create_file_with_runtime_dependencies(/home/thuong/amr_ws/install/rplidar_ros/share/colcon-core/packages/rplidar_ros)
[10.850s] Level 1:colcon.colcon_core.environment:create_environment_scripts_only(rplidar_ros)
[10.850s] Level 1:colcon.colcon_core.environment:checking '/home/thuong/amr_ws/install/rplidar_ros' for CMake module files
[10.851s] Level 1:colcon.colcon_core.environment:checking '/home/thuong/amr_ws/install/rplidar_ros' for CMake config files
[10.851s] Level 1:colcon.colcon_core.shell:create_environment_hook('rplidar_ros', 'cmake_prefix_path')
[10.851s] INFO:colcon.colcon_core.shell:Creating environment hook '/home/thuong/amr_ws/install/rplidar_ros/share/rplidar_ros/hook/cmake_prefix_path.ps1'
[10.851s] INFO:colcon.colcon_core.shell:Creating environment descriptor '/home/thuong/amr_ws/install/rplidar_ros/share/rplidar_ros/hook/cmake_prefix_path.dsv'
[10.852s] INFO:colcon.colcon_core.shell:Creating environment hook '/home/thuong/amr_ws/install/rplidar_ros/share/rplidar_ros/hook/cmake_prefix_path.sh'
[10.852s] Level 1:colcon.colcon_core.environment:checking '/home/thuong/amr_ws/install/rplidar_ros/lib'
[10.852s] Level 1:colcon.colcon_core.environment:checking '/home/thuong/amr_ws/install/rplidar_ros/bin'
[10.852s] Level 1:colcon.colcon_core.environment:checking '/home/thuong/amr_ws/install/rplidar_ros/lib/pkgconfig/rplidar_ros.pc'
[10.852s] Level 1:colcon.colcon_core.environment:checking '/home/thuong/amr_ws/install/rplidar_ros/lib/python3.10/site-packages'
[10.853s] Level 1:colcon.colcon_core.environment:checking '/home/thuong/amr_ws/install/rplidar_ros/bin'
[10.853s] INFO:colcon.colcon_core.shell:Creating package script '/home/thuong/amr_ws/install/rplidar_ros/share/rplidar_ros/package.ps1'
[10.853s] INFO:colcon.colcon_core.shell:Creating package descriptor '/home/thuong/amr_ws/install/rplidar_ros/share/rplidar_ros/package.dsv'
[10.854s] INFO:colcon.colcon_core.shell:Creating package script '/home/thuong/amr_ws/install/rplidar_ros/share/rplidar_ros/package.sh'
[10.854s] INFO:colcon.colcon_core.shell:Creating package script '/home/thuong/amr_ws/install/rplidar_ros/share/rplidar_ros/package.bash'
[10.854s] INFO:colcon.colcon_core.shell:Creating package script '/home/thuong/amr_ws/install/rplidar_ros/share/rplidar_ros/package.zsh'
[10.855s] Level 1:colcon.colcon_core.environment:create_file_with_runtime_dependencies(/home/thuong/amr_ws/install/rplidar_ros/share/colcon-core/packages/rplidar_ros)
[10.855s] DEBUG:colcon.colcon_parallel_executor.executor.parallel:closing loop
[10.855s] DEBUG:colcon.colcon_parallel_executor.executor.parallel:loop closed
[10.856s] DEBUG:colcon.colcon_parallel_executor.executor.parallel:run_until_complete finished with '0'
[10.856s] DEBUG:colcon.colcon_core.event_reactor:joining thread
[10.905s] INFO:colcon.colcon_core.plugin_system:Skipping extension 'colcon_notification.desktop_notification.terminal_notifier': Not used on non-Darwin systems
[10.906s] INFO:colcon.colcon_core.plugin_system:Skipping extension 'colcon_notification.desktop_notification.win32': Not used on non-Windows systems
[10.906s] INFO:colcon.colcon_notification.desktop_notification:Sending desktop notification using 'notify2'
[10.916s] DEBUG:colcon.colcon_core.event_reactor:joined thread
[10.916s] INFO:colcon.colcon_core.shell:Creating prefix script '/home/thuong/amr_ws/install/local_setup.ps1'
[10.917s] INFO:colcon.colcon_core.shell:Creating prefix util module '/home/thuong/amr_ws/install/_local_setup_util_ps1.py'
[10.919s] INFO:colcon.colcon_core.shell:Creating prefix chain script '/home/thuong/amr_ws/install/setup.ps1'
[10.920s] INFO:colcon.colcon_core.shell:Creating prefix script '/home/thuong/amr_ws/install/local_setup.sh'
[10.920s] INFO:colcon.colcon_core.shell:Creating prefix util module '/home/thuong/amr_ws/install/_local_setup_util_sh.py'
[10.921s] INFO:colcon.colcon_core.shell:Creating prefix chain script '/home/thuong/amr_ws/install/setup.sh'
[10.922s] INFO:colcon.colcon_core.shell:Creating prefix script '/home/thuong/amr_ws/install/local_setup.bash'
[10.923s] INFO:colcon.colcon_core.shell:Creating prefix chain script '/home/thuong/amr_ws/install/setup.bash'
[10.924s] INFO:colcon.colcon_core.shell:Creating prefix script '/home/thuong/amr_ws/install/local_setup.zsh'
[10.924s] INFO:colcon.colcon_core.shell:Creating prefix chain script '/home/thuong/amr_ws/install/setup.zsh'
