[0.031s] Invoking command in '/home/thuong/amr_ws/build/amr_mapping': CMAKE_PREFIX_PATH=${CMAKE_PREFIX_PATH}:/home/thuong/ros2_ws/install/agv_trajectory_tracking:/home/thuong/ros2_ws/install/agv_planner:/opt/ros/humble /usr/bin/cmake /home/thuong/amr_ws/src/amr_mapping -DCMAKE_INSTALL_PREFIX=/home/thuong/amr_ws/install/amr_mapping
[0.288s] -- Found ament_cmake: 1.3.12 (/opt/ros/humble/share/ament_cmake/cmake)
[0.288s] -- Found rclcpp: 16.0.16 (/opt/ros/humble/share/rclcpp/cmake)
[0.289s] -- Found rosidl_generator_c: 3.1.7 (/opt/ros/humble/share/rosidl_generator_c/cmake)
[0.289s] -- Found rosidl_adapter: 3.1.7 (/opt/ros/humble/share/rosidl_adapter/cmake)
[0.289s] -- Found rosidl_generator_cpp: 3.1.7 (/opt/ros/humble/share/rosidl_generator_cpp/cmake)
[0.289s] -- Using all available rosidl_typesupport_c: rosidl_typesupport_fastrtps_c;rosidl_typesupport_introspection_c
[0.289s] -- Using all available rosidl_typesupport_cpp: rosidl_typesupport_fastrtps_cpp;rosidl_typesupport_introspection_cpp
[0.289s] -- Found rmw_implementation_cmake: 6.1.2 (/opt/ros/humble/share/rmw_implementation_cmake/cmake)
[0.289s] -- Found rmw_fastrtps_cpp: 6.2.9 (/opt/ros/humble/share/rmw_fastrtps_cpp/cmake)
[0.386s] -- Using RMW implementation 'rmw_fastrtps_cpp' as default
[0.564s] -- Found nav_msgs: 4.9.0 (/opt/ros/humble/share/nav_msgs/cmake)
[0.680s] -- Found sensor_msgs: 4.9.0 (/opt/ros/humble/share/sensor_msgs/cmake)
[0.712s] -- Found tf2: 0.25.17 (/opt/ros/humble/share/tf2/cmake)
[0.722s] -- Found tf2_ros: 0.25.17 (/opt/ros/humble/share/tf2_ros/cmake)
[0.880s] -- Found tf2_geometry_msgs: 0.25.17 (/opt/ros/humble/share/tf2_geometry_msgs/cmake)
[0.887s] -- Found eigen3_cmake_module: 0.1.1 (/opt/ros/humble/share/eigen3_cmake_module/cmake)
[0.889s] -- Ensuring Eigen3 include directory is part of orocos-kdl CMake target
[1.151s] -- Configuring done
[1.181s] -- Generating done
[1.193s] -- Build files have been written to: /home/thuong/amr_ws/build/amr_mapping
[1.218s] Invoked command in '/home/thuong/amr_ws/build/amr_mapping' returned '0': CMAKE_PREFIX_PATH=${CMAKE_PREFIX_PATH}:/home/thuong/ros2_ws/install/agv_trajectory_tracking:/home/thuong/ros2_ws/install/agv_planner:/opt/ros/humble /usr/bin/cmake /home/thuong/amr_ws/src/amr_mapping -DCMAKE_INSTALL_PREFIX=/home/thuong/amr_ws/install/amr_mapping
[1.224s] Invoking command in '/home/thuong/amr_ws/build/amr_mapping': CMAKE_PREFIX_PATH=${CMAKE_PREFIX_PATH}:/home/thuong/ros2_ws/install/agv_trajectory_tracking:/home/thuong/ros2_ws/install/agv_planner:/opt/ros/humble /usr/bin/cmake --build /home/thuong/amr_ws/build/amr_mapping -- -j12 -l12
[1.380s] Invoked command in '/home/thuong/amr_ws/build/amr_mapping' returned '0': CMAKE_PREFIX_PATH=${CMAKE_PREFIX_PATH}:/home/thuong/ros2_ws/install/agv_trajectory_tracking:/home/thuong/ros2_ws/install/agv_planner:/opt/ros/humble /usr/bin/cmake --build /home/thuong/amr_ws/build/amr_mapping -- -j12 -l12
[1.381s] Invoking command in '/home/thuong/amr_ws/build/amr_mapping': CMAKE_PREFIX_PATH=${CMAKE_PREFIX_PATH}:/home/thuong/ros2_ws/install/agv_trajectory_tracking:/home/thuong/ros2_ws/install/agv_planner:/opt/ros/humble /usr/bin/cmake --install /home/thuong/amr_ws/build/amr_mapping
[1.405s] -- Install configuration: ""
[1.405s] -- Installing: /home/thuong/amr_ws/install/amr_mapping/share/amr_mapping/launch
[1.406s] -- Installing: /home/thuong/amr_ws/install/amr_mapping/share/amr_mapping/launch/slam.launch.py
[1.407s] -- Installing: /home/thuong/amr_ws/install/amr_mapping/share/amr_mapping/launch/real_slam.launch.py
[1.407s] -- Installing: /home/thuong/amr_ws/install/amr_mapping/share/amr_mapping/maps
[1.408s] -- Installing: /home/thuong/amr_ws/install/amr_mapping/share/amr_mapping/maps/small_house
[1.408s] -- Installing: /home/thuong/amr_ws/install/amr_mapping/share/amr_mapping/maps/small_house/map.yaml
[1.408s] -- Installing: /home/thuong/amr_ws/install/amr_mapping/share/amr_mapping/maps/small_house/map.pgm
[1.409s] -- Installing: /home/thuong/amr_ws/install/amr_mapping/share/amr_mapping/maps/small_warehouse
[1.409s] -- Installing: /home/thuong/amr_ws/install/amr_mapping/share/amr_mapping/maps/small_warehouse/map.yaml
[1.410s] -- Installing: /home/thuong/amr_ws/install/amr_mapping/share/amr_mapping/maps/small_warehouse/map.pgm
[1.410s] -- Installing: /home/thuong/amr_ws/install/amr_mapping/share/amr_mapping/maps/room_20x20
[1.410s] -- Installing: /home/thuong/amr_ws/install/amr_mapping/share/amr_mapping/maps/room_20x20/map.yaml
[1.411s] -- Installing: /home/thuong/amr_ws/install/amr_mapping/share/amr_mapping/maps/room_20x20/map.pgm
[1.411s] -- Installing: /home/thuong/amr_ws/install/amr_mapping/share/amr_mapping/maps/room_20x20/room_20x20.pgm
[1.412s] -- Installing: /home/thuong/amr_ws/install/amr_mapping/share/amr_mapping/config
[1.416s] -- Installing: /home/thuong/amr_ws/install/amr_mapping/share/amr_mapping/config/slam_toolbox.yaml
[1.417s] -- Installing: /home/thuong/amr_ws/install/amr_mapping/share/ament_index/resource_index/package_run_dependencies/amr_mapping
[1.417s] -- Installing: /home/thuong/amr_ws/install/amr_mapping/share/ament_index/resource_index/parent_prefix_path/amr_mapping
[1.417s] -- Installing: /home/thuong/amr_ws/install/amr_mapping/share/amr_mapping/environment/ament_prefix_path.sh
[1.417s] -- Installing: /home/thuong/amr_ws/install/amr_mapping/share/amr_mapping/environment/ament_prefix_path.dsv
[1.417s] -- Installing: /home/thuong/amr_ws/install/amr_mapping/share/amr_mapping/environment/path.sh
[1.417s] -- Installing: /home/thuong/amr_ws/install/amr_mapping/share/amr_mapping/environment/path.dsv
[1.417s] -- Installing: /home/thuong/amr_ws/install/amr_mapping/share/amr_mapping/local_setup.bash
[1.418s] -- Installing: /home/thuong/amr_ws/install/amr_mapping/share/amr_mapping/local_setup.sh
[1.418s] -- Installing: /home/thuong/amr_ws/install/amr_mapping/share/amr_mapping/local_setup.zsh
[1.418s] -- Installing: /home/thuong/amr_ws/install/amr_mapping/share/amr_mapping/local_setup.dsv
[1.418s] -- Installing: /home/thuong/amr_ws/install/amr_mapping/share/amr_mapping/package.dsv
[1.418s] -- Installing: /home/thuong/amr_ws/install/amr_mapping/share/ament_index/resource_index/packages/amr_mapping
[1.419s] -- Installing: /home/thuong/amr_ws/install/amr_mapping/share/amr_mapping/cmake/amr_mappingConfig.cmake
[1.419s] -- Installing: /home/thuong/amr_ws/install/amr_mapping/share/amr_mapping/cmake/amr_mappingConfig-version.cmake
[1.420s] -- Installing: /home/thuong/amr_ws/install/amr_mapping/share/amr_mapping/package.xml
[1.440s] Invoked command in '/home/thuong/amr_ws/build/amr_mapping' returned '0': CMAKE_PREFIX_PATH=${CMAKE_PREFIX_PATH}:/home/thuong/ros2_ws/install/agv_trajectory_tracking:/home/thuong/ros2_ws/install/agv_planner:/opt/ros/humble /usr/bin/cmake --install /home/thuong/amr_ws/build/amr_mapping
