../Core/Src/main.c:115:5:_gettimeofday	32	static
../Core/Src/main.c:123:6:cmd_vel_callback	32	static,ignoring_inline_asm
../Core/Src/main.c:145:5:main	8	static
../Core/Src/main.c:258:6:SystemClock_Config	88	static
../Core/Src/main.c:304:13:MX_TIM1_Init	56	static
../Core/Src/main.c:354:13:MX_TIM3_Init	48	static
../Core/Src/main.c:415:13:MX_TIM4_Init	56	static
../Core/Src/main.c:464:13:MX_USART6_UART_Init	8	static
../Core/Src/main.c:495:13:MX_DMA_Init	16	static
../Core/Src/main.c:516:13:MX_GPIO_Init	56	static
../Core/Src/main.c:574:6:PID_Calculate1	16	static
../Core/Src/main.c:594:6:PID_Calculate2	16	static
../Core/Src/main.c:614:6:PWM_Calculate1	4	static
../Core/Src/main.c:627:6:PWM_Calculate2	4	static
../Core/Src/main.c:643:6:StartDefaultTask	152	static
../Core/Src/main.c:723:6:MotorTask	16	static
../Core/Src/main.c:746:6:HAL_TIM_PeriodElapsedCallback	16	static
../Core/Src/main.c:764:6:Error_Handler	4	static,ignoring_inline_asm
