../Core/Src/main.c:115:5:_gettimeofday	1
../Core/Src/main.c:123:6:cmd_vel_callback	1
../Core/Src/main.c:145:5:main	1
../Core/Src/main.c:258:6:SystemClock_Config	3
../Core/Src/main.c:304:13:MX_TIM1_Init	3
../Core/Src/main.c:354:13:MX_TIM3_Init	7
../Core/Src/main.c:415:13:MX_TIM4_Init	3
../Core/Src/main.c:464:13:MX_USART6_UART_Init	2
../Core/Src/main.c:495:13:MX_DMA_Init	1
../Core/Src/main.c:516:13:MX_GPIO_Init	1
../Core/Src/main.c:574:6:PID_Calculate1	6
../Core/Src/main.c:594:6:PID_Calculate2	6
../Core/Src/main.c:614:6:PWM_Calculate1	3
../Core/Src/main.c:627:6:PWM_Calculate2	3
../Core/Src/main.c:643:6:StartDefaultTask	3
../Core/Src/main.c:723:6:MotorTask	1
../Core/Src/main.c:746:6:HAL_TIM_PeriodElapsedCallback	2
../Core/Src/main.c:764:6:Error_Handler	1
