running egg_info
creating ../../build/amr_planner/amr_planner.egg-info
writing ../../build/amr_planner/amr_planner.egg-info/PKG-INFO
writing dependency_links to ../../build/amr_planner/amr_planner.egg-info/dependency_links.txt
writing entry points to ../../build/amr_planner/amr_planner.egg-info/entry_points.txt
writing requirements to ../../build/amr_planner/amr_planner.egg-info/requires.txt
writing top-level names to ../../build/amr_planner/amr_planner.egg-info/top_level.txt
writing manifest file '../../build/amr_planner/amr_planner.egg-info/SOURCES.txt'
reading manifest file '../../build/amr_planner/amr_planner.egg-info/SOURCES.txt'
writing manifest file '../../build/amr_planner/amr_planner.egg-info/SOURCES.txt'
running build
running build_py
creating /home/thuong/amr_ws/build/amr_planner/build
creating /home/thuong/amr_ws/build/amr_planner/build/lib
creating /home/thuong/amr_ws/build/amr_planner/build/lib/agv_planner
copying agv_planner/__init__.py -> /home/thuong/amr_ws/build/amr_planner/build/lib/agv_planner
copying agv_planner/global_planner.py -> /home/thuong/amr_ws/build/amr_planner/build/lib/agv_planner
running install
running install_lib
creating /home/thuong/amr_ws/install/amr_planner/lib/python3.10/site-packages/agv_planner
copying /home/thuong/amr_ws/build/amr_planner/build/lib/agv_planner/__init__.py -> /home/thuong/amr_ws/install/amr_planner/lib/python3.10/site-packages/agv_planner
copying /home/thuong/amr_ws/build/amr_planner/build/lib/agv_planner/global_planner.py -> /home/thuong/amr_ws/install/amr_planner/lib/python3.10/site-packages/agv_planner
byte-compiling /home/thuong/amr_ws/install/amr_planner/lib/python3.10/site-packages/agv_planner/__init__.py to __init__.cpython-310.pyc
byte-compiling /home/thuong/amr_ws/install/amr_planner/lib/python3.10/site-packages/agv_planner/global_planner.py to global_planner.cpython-310.pyc
running install_data
creating /home/thuong/amr_ws/install/amr_planner/share/ament_index
creating /home/thuong/amr_ws/install/amr_planner/share/ament_index/resource_index
creating /home/thuong/amr_ws/install/amr_planner/share/ament_index/resource_index/packages
copying resource/amr_planner -> /home/thuong/amr_ws/install/amr_planner/share/ament_index/resource_index/packages
copying package.xml -> /home/thuong/amr_ws/install/amr_planner/share/amr_planner
creating /home/thuong/amr_ws/install/amr_planner/share/amr_planner/launch
copying launch/planner_test.launch.py -> /home/thuong/amr_ws/install/amr_planner/share/amr_planner/launch
creating /home/thuong/amr_ws/install/amr_planner/share/amr_planner/maps
copying maps/my_map.yaml -> /home/thuong/amr_ws/install/amr_planner/share/amr_planner/maps
copying maps/my_map.pgm -> /home/thuong/amr_ws/install/amr_planner/share/amr_planner/maps
creating /home/thuong/amr_ws/install/amr_planner/share/amr_planner/rviz
copying rviz/planner_config.rviz -> /home/thuong/amr_ws/install/amr_planner/share/amr_planner/rviz
running install_egg_info
Copying ../../build/amr_planner/amr_planner.egg-info to /home/thuong/amr_ws/install/amr_planner/lib/python3.10/site-packages/amr_planner-0.0.0-py3.10.egg-info
running install_scripts
Installing global_planner script to /home/thuong/amr_ws/install/amr_planner/lib/agv_planner
writing list of installed files to '/home/thuong/amr_ws/build/amr_planner/install.log'
