[0.735s] Invoking command in '/home/thuong/amr_ws/src/amr_planner': PYTHONPATH=/home/thuong/amr_ws/build/amr_planner/prefix_override:/usr/lib/python3/dist-packages/colcon_core/task/python/colcon_distutils_commands:/home/thuong/amr_ws/install/amr_planner/lib/python3.10/site-packages:${PYTHONPATH} /usr/bin/python3 -W ignore:setup.py install is deprecated -W ignore:easy_install command is deprecated setup.py egg_info --egg-base ../../build/amr_planner build --build-base /home/thuong/amr_ws/build/amr_planner/build install --record /home/thuong/amr_ws/build/amr_planner/install.log --single-version-externally-managed install_data
[1.011s] running egg_info
[1.012s] creating ../../build/amr_planner/amr_planner.egg-info
[1.012s] writing ../../build/amr_planner/amr_planner.egg-info/PKG-INFO
[1.013s] writing dependency_links to ../../build/amr_planner/amr_planner.egg-info/dependency_links.txt
[1.013s] writing entry points to ../../build/amr_planner/amr_planner.egg-info/entry_points.txt
[1.013s] writing requirements to ../../build/amr_planner/amr_planner.egg-info/requires.txt
[1.013s] writing top-level names to ../../build/amr_planner/amr_planner.egg-info/top_level.txt
[1.014s] writing manifest file '../../build/amr_planner/amr_planner.egg-info/SOURCES.txt'
[1.016s] reading manifest file '../../build/amr_planner/amr_planner.egg-info/SOURCES.txt'
[1.016s] writing manifest file '../../build/amr_planner/amr_planner.egg-info/SOURCES.txt'
[1.017s] running build
[1.017s] running build_py
[1.017s] creating /home/thuong/amr_ws/build/amr_planner/build
[1.017s] creating /home/thuong/amr_ws/build/amr_planner/build/lib
[1.017s] creating /home/thuong/amr_ws/build/amr_planner/build/lib/agv_planner
[1.017s] copying agv_planner/__init__.py -> /home/thuong/amr_ws/build/amr_planner/build/lib/agv_planner
[1.017s] copying agv_planner/global_planner.py -> /home/thuong/amr_ws/build/amr_planner/build/lib/agv_planner
[1.017s] running install
[1.017s] running install_lib
[1.018s] creating /home/thuong/amr_ws/install/amr_planner/lib/python3.10/site-packages/agv_planner
[1.018s] copying /home/thuong/amr_ws/build/amr_planner/build/lib/agv_planner/__init__.py -> /home/thuong/amr_ws/install/amr_planner/lib/python3.10/site-packages/agv_planner
[1.018s] copying /home/thuong/amr_ws/build/amr_planner/build/lib/agv_planner/global_planner.py -> /home/thuong/amr_ws/install/amr_planner/lib/python3.10/site-packages/agv_planner
[1.019s] byte-compiling /home/thuong/amr_ws/install/amr_planner/lib/python3.10/site-packages/agv_planner/__init__.py to __init__.cpython-310.pyc
[1.019s] byte-compiling /home/thuong/amr_ws/install/amr_planner/lib/python3.10/site-packages/agv_planner/global_planner.py to global_planner.cpython-310.pyc
[1.025s] running install_data
[1.025s] creating /home/thuong/amr_ws/install/amr_planner/share/ament_index
[1.025s] creating /home/thuong/amr_ws/install/amr_planner/share/ament_index/resource_index
[1.025s] creating /home/thuong/amr_ws/install/amr_planner/share/ament_index/resource_index/packages
[1.025s] copying resource/amr_planner -> /home/thuong/amr_ws/install/amr_planner/share/ament_index/resource_index/packages
[1.025s] copying package.xml -> /home/thuong/amr_ws/install/amr_planner/share/amr_planner
[1.025s] creating /home/thuong/amr_ws/install/amr_planner/share/amr_planner/launch
[1.025s] copying launch/planner_test.launch.py -> /home/thuong/amr_ws/install/amr_planner/share/amr_planner/launch
[1.025s] creating /home/thuong/amr_ws/install/amr_planner/share/amr_planner/maps
[1.025s] copying maps/my_map.yaml -> /home/thuong/amr_ws/install/amr_planner/share/amr_planner/maps
[1.026s] copying maps/my_map.pgm -> /home/thuong/amr_ws/install/amr_planner/share/amr_planner/maps
[1.026s] creating /home/thuong/amr_ws/install/amr_planner/share/amr_planner/rviz
[1.026s] copying rviz/planner_config.rviz -> /home/thuong/amr_ws/install/amr_planner/share/amr_planner/rviz
[1.026s] running install_egg_info
[1.028s] Copying ../../build/amr_planner/amr_planner.egg-info to /home/thuong/amr_ws/install/amr_planner/lib/python3.10/site-packages/amr_planner-0.0.0-py3.10.egg-info
[1.029s] running install_scripts
[1.050s] Installing global_planner script to /home/thuong/amr_ws/install/amr_planner/lib/agv_planner
[1.050s] writing list of installed files to '/home/thuong/amr_ws/build/amr_planner/install.log'
[1.076s] Invoked command in '/home/thuong/amr_ws/src/amr_planner' returned '0': PYTHONPATH=/home/thuong/amr_ws/build/amr_planner/prefix_override:/usr/lib/python3/dist-packages/colcon_core/task/python/colcon_distutils_commands:/home/thuong/amr_ws/install/amr_planner/lib/python3.10/site-packages:${PYTHONPATH} /usr/bin/python3 -W ignore:setup.py install is deprecated -W ignore:easy_install command is deprecated setup.py egg_info --egg-base ../../build/amr_planner build --build-base /home/thuong/amr_ws/build/amr_planner/build install --record /home/thuong/amr_ws/build/amr_planner/install.log --single-version-externally-managed install_data
