[0.032s] Invoking command in '/home/thuong/amr_ws/build/amr_localization': CMAKE_PREFIX_PATH=${CMAKE_PREFIX_PATH}:/home/thuong/ros2_ws/install/agv_trajectory_tracking:/home/thuong/ros2_ws/install/agv_planner:/opt/ros/humble /usr/bin/cmake --build /home/thuong/amr_ws/build/amr_localization -- -j12 -l12
[0.292s] Built target ament_cmake_python_copy_agv_localization
[0.322s] running egg_info
[0.323s] creating agv_localization.egg-info
[0.323s] writing agv_localization.egg-info/PKG-INFO
[0.323s] writing dependency_links to agv_localization.egg-info/dependency_links.txt
[0.323s] writing top-level names to agv_localization.egg-info/top_level.txt
[0.323s] writing manifest file 'agv_localization.egg-info/SOURCES.txt'
[0.327s] reading manifest file 'agv_localization.egg-info/SOURCES.txt'
[0.327s] writing manifest file 'agv_localization.egg-info/SOURCES.txt'
[0.373s] Built target ament_cmake_python_build_agv_localization_egg
[0.426s] Invoked command in '/home/thuong/amr_ws/build/amr_localization' returned '0': CMAKE_PREFIX_PATH=${CMAKE_PREFIX_PATH}:/home/thuong/ros2_ws/install/agv_trajectory_tracking:/home/thuong/ros2_ws/install/agv_planner:/opt/ros/humble /usr/bin/cmake --build /home/thuong/amr_ws/build/amr_localization -- -j12 -l12
[0.434s] Invoking command in '/home/thuong/amr_ws/build/amr_localization': CMAKE_PREFIX_PATH=${CMAKE_PREFIX_PATH}:/home/thuong/ros2_ws/install/agv_trajectory_tracking:/home/thuong/ros2_ws/install/agv_planner:/opt/ros/humble /usr/bin/cmake --install /home/thuong/amr_ws/build/amr_localization
[0.451s] -- Install configuration: ""
[0.451s] -- Installing: /home/thuong/amr_ws/install/amr_localization/share/amr_localization/environment/pythonpath.sh
[0.452s] -- Installing: /home/thuong/amr_ws/install/amr_localization/share/amr_localization/environment/pythonpath.dsv
[0.452s] -- Installing: /home/thuong/amr_ws/install/amr_localization/local/lib/python3.10/dist-packages/agv_localization-0.0.0-py3.10.egg-info
[0.453s] -- Installing: /home/thuong/amr_ws/install/amr_localization/local/lib/python3.10/dist-packages/agv_localization-0.0.0-py3.10.egg-info/PKG-INFO
[0.453s] -- Installing: /home/thuong/amr_ws/install/amr_localization/local/lib/python3.10/dist-packages/agv_localization-0.0.0-py3.10.egg-info/dependency_links.txt
[0.453s] -- Installing: /home/thuong/amr_ws/install/amr_localization/local/lib/python3.10/dist-packages/agv_localization-0.0.0-py3.10.egg-info/top_level.txt
[0.453s] -- Installing: /home/thuong/amr_ws/install/amr_localization/local/lib/python3.10/dist-packages/agv_localization-0.0.0-py3.10.egg-info/SOURCES.txt
[0.458s] -- Installing: /home/thuong/amr_ws/install/amr_localization/local/lib/python3.10/dist-packages/agv_localization
[0.458s] -- Installing: /home/thuong/amr_ws/install/amr_localization/local/lib/python3.10/dist-packages/agv_localization/__init__.py
[0.458s] -- Installing: /home/thuong/amr_ws/install/amr_localization/local/lib/python3.10/dist-packages/agv_localization/odometry_motion_model.py
[0.458s] -- Installing: /home/thuong/amr_ws/install/amr_localization/local/lib/python3.10/dist-packages/agv_localization/kalman_filter.py
[0.459s] -- Installing: /home/thuong/amr_ws/install/amr_localization/local/lib/python3.10/dist-packages/agv_localization/imu_republisher.py
[0.460s] -- Installing: /home/thuong/amr_ws/install/amr_localization/local/lib/python3.10/dist-packages/agv_localization/odom_republisher.py
[0.464s] -- Installing: /home/thuong/amr_ws/install/amr_localization/local/lib/python3.10/dist-packages/agv_localization/fusion_monitor.py
[0.617s] Listing '/home/thuong/amr_ws/install/amr_localization/local/lib/python3.10/dist-packages/agv_localization'...
[0.617s] Compiling '/home/thuong/amr_ws/install/amr_localization/local/lib/python3.10/dist-packages/agv_localization/__init__.py'...
[0.617s] Compiling '/home/thuong/amr_ws/install/amr_localization/local/lib/python3.10/dist-packages/agv_localization/fusion_monitor.py'...
[0.617s] Compiling '/home/thuong/amr_ws/install/amr_localization/local/lib/python3.10/dist-packages/agv_localization/imu_republisher.py'...
[0.617s] Compiling '/home/thuong/amr_ws/install/amr_localization/local/lib/python3.10/dist-packages/agv_localization/kalman_filter.py'...
[0.617s] Compiling '/home/thuong/amr_ws/install/amr_localization/local/lib/python3.10/dist-packages/agv_localization/odom_republisher.py'...
[0.617s] Compiling '/home/thuong/amr_ws/install/amr_localization/local/lib/python3.10/dist-packages/agv_localization/odometry_motion_model.py'...
[0.640s] -- Installing: /home/thuong/amr_ws/install/amr_localization/share/amr_localization/launch
[0.641s] -- Installing: /home/thuong/amr_ws/install/amr_localization/share/amr_localization/launch/global_localization.launch.py
[0.641s] -- Installing: /home/thuong/amr_ws/install/amr_localization/share/amr_localization/launch/local_localization.launch.py
[0.641s] -- Installing: /home/thuong/amr_ws/install/amr_localization/share/amr_localization/config
[0.641s] -- Installing: /home/thuong/amr_ws/install/amr_localization/share/amr_localization/config/amcl.yaml
[0.642s] -- Installing: /home/thuong/amr_ws/install/amr_localization/share/amr_localization/config/ekf.yaml
[0.642s] -- Installing: /home/thuong/amr_ws/install/amr_localization/lib/amr_localization/kalman_filter.py
[0.642s] -- Installing: /home/thuong/amr_ws/install/amr_localization/lib/amr_localization/imu_republisher.py
[0.642s] -- Installing: /home/thuong/amr_ws/install/amr_localization/lib/amr_localization/odom_republisher.py
[0.642s] -- Installing: /home/thuong/amr_ws/install/amr_localization/lib/amr_localization/odometry_motion_model.py
[0.642s] -- Installing: /home/thuong/amr_ws/install/amr_localization/lib/amr_localization/fusion_monitor.py
[0.642s] -- Installing: /home/thuong/amr_ws/install/amr_localization/share/ament_index/resource_index/package_run_dependencies/amr_localization
[0.642s] -- Installing: /home/thuong/amr_ws/install/amr_localization/share/ament_index/resource_index/parent_prefix_path/amr_localization
[0.645s] -- Installing: /home/thuong/amr_ws/install/amr_localization/share/amr_localization/environment/ament_prefix_path.sh
[0.645s] -- Installing: /home/thuong/amr_ws/install/amr_localization/share/amr_localization/environment/ament_prefix_path.dsv
[0.645s] -- Installing: /home/thuong/amr_ws/install/amr_localization/share/amr_localization/environment/path.sh
[0.645s] -- Installing: /home/thuong/amr_ws/install/amr_localization/share/amr_localization/environment/path.dsv
[0.645s] -- Installing: /home/thuong/amr_ws/install/amr_localization/share/amr_localization/local_setup.bash
[0.645s] -- Installing: /home/thuong/amr_ws/install/amr_localization/share/amr_localization/local_setup.sh
[0.646s] -- Installing: /home/thuong/amr_ws/install/amr_localization/share/amr_localization/local_setup.zsh
[0.646s] -- Installing: /home/thuong/amr_ws/install/amr_localization/share/amr_localization/local_setup.dsv
[0.646s] -- Installing: /home/thuong/amr_ws/install/amr_localization/share/amr_localization/package.dsv
[0.655s] -- Installing: /home/thuong/amr_ws/install/amr_localization/share/ament_index/resource_index/packages/amr_localization
[0.657s] -- Installing: /home/thuong/amr_ws/install/amr_localization/share/amr_localization/cmake/amr_localizationConfig.cmake
[0.658s] -- Installing: /home/thuong/amr_ws/install/amr_localization/share/amr_localization/cmake/amr_localizationConfig-version.cmake
[0.658s] -- Installing: /home/thuong/amr_ws/install/amr_localization/share/amr_localization/package.xml
[0.670s] Invoked command in '/home/thuong/amr_ws/build/amr_localization' returned '0': CMAKE_PREFIX_PATH=${CMAKE_PREFIX_PATH}:/home/thuong/ros2_ws/install/agv_trajectory_tracking:/home/thuong/ros2_ws/install/agv_planner:/opt/ros/humble /usr/bin/cmake --install /home/thuong/amr_ws/build/amr_localization
