[ 33%] [32mBuilding CXX object CMakeFiles/agv_controller.dir/src/main.cpp.o[0m
[ 66%] [32mBuilding CXX object CMakeFiles/agv_controller.dir/src/KeyboardInput.cpp.o[0m
[01m[K/home/thuong/amr_ws/src/amr_teleop/src/KeyboardInput.cpp:[m[K In function ‘[01m[Kvoid sigintHandler(int)[m[K’:
[01m[K/home/thuong/amr_ws/src/amr_teleop/src/KeyboardInput.cpp:10:24:[m[K [01;35m[Kwarning: [m[Kunused parameter ‘[01m[Ksignum[m[K’ [[01;35m[K]8;;https://gcc.gnu.org/onlinedocs/gcc/Warning-Options.html#index-Wunused-parameter-Wunused-parameter]8;;[m[K]
   10 | void sigintHandler([01;35m[Kint signum[m[K)
      |                    [01;35m[K~~~~^~~~~~[m[K
[100%] [32m[1mLinking CXX executable agv_controller[0m
[100%] Built target agv_controller
-- Install configuration: ""
-- Installing: /home/thuong/amr_ws/install/amr_teleop/lib/amr_teleop/agv_controller
-- Set runtime path of "/home/thuong/amr_ws/install/amr_teleop/lib/amr_teleop/agv_controller" to ""
-- Installing: /home/thuong/amr_ws/install/amr_teleop/share/amr_teleop/launch
-- Installing: /home/thuong/amr_ws/install/amr_teleop/share/amr_teleop/launch/agv_controller.launch.py
-- Installing: /home/thuong/amr_ws/install/amr_teleop/share/amr_teleop/src
-- Installing: /home/thuong/amr_ws/install/amr_teleop/share/amr_teleop/src/KeyboardInput.cpp
-- Installing: /home/thuong/amr_ws/install/amr_teleop/share/amr_teleop/src/main.cpp
-- Installing: /home/thuong/amr_ws/install/amr_teleop/share/amr_teleop/include
-- Installing: /home/thuong/amr_ws/install/amr_teleop/share/amr_teleop/include/agv_controller
-- Installing: /home/thuong/amr_ws/install/amr_teleop/share/amr_teleop/include/agv_controller/KeyboardInput.h
-- Installing: /home/thuong/amr_ws/install/amr_teleop/share/ament_index/resource_index/package_run_dependencies/amr_teleop
-- Installing: /home/thuong/amr_ws/install/amr_teleop/share/ament_index/resource_index/parent_prefix_path/amr_teleop
-- Installing: /home/thuong/amr_ws/install/amr_teleop/share/amr_teleop/environment/ament_prefix_path.sh
-- Installing: /home/thuong/amr_ws/install/amr_teleop/share/amr_teleop/environment/ament_prefix_path.dsv
-- Installing: /home/thuong/amr_ws/install/amr_teleop/share/amr_teleop/environment/path.sh
-- Installing: /home/thuong/amr_ws/install/amr_teleop/share/amr_teleop/environment/path.dsv
-- Installing: /home/thuong/amr_ws/install/amr_teleop/share/amr_teleop/local_setup.bash
-- Installing: /home/thuong/amr_ws/install/amr_teleop/share/amr_teleop/local_setup.sh
-- Installing: /home/thuong/amr_ws/install/amr_teleop/share/amr_teleop/local_setup.zsh
-- Installing: /home/thuong/amr_ws/install/amr_teleop/share/amr_teleop/local_setup.dsv
-- Installing: /home/thuong/amr_ws/install/amr_teleop/share/amr_teleop/package.dsv
-- Installing: /home/thuong/amr_ws/install/amr_teleop/share/ament_index/resource_index/packages/amr_teleop
-- Installing: /home/thuong/amr_ws/install/amr_teleop/share/amr_teleop/cmake/amr_teleopConfig.cmake
-- Installing: /home/thuong/amr_ws/install/amr_teleop/share/amr_teleop/cmake/amr_teleopConfig-version.cmake
-- Installing: /home/thuong/amr_ws/install/amr_teleop/share/amr_teleop/package.xml
